Archive member included to satisfy reference by file (symbol)

C:/ST/STM32CubeIDE_1.13.2/STM32CubeIDE/plugins/com.st.stm32cube.ide.mcu.externaltools.gnu-tools-for-stm32.11.3.rel1.win32_1.1.1.202309131626/tools/bin/../lib/gcc/arm-none-eabi/11.3.1/../../../../arm-none-eabi/lib/thumb/v7e-m+fp/hard\libc_nano.a(libc_a-exit.o)
                              C:/ST/STM32CubeIDE_1.13.2/STM32CubeIDE/plugins/com.st.stm32cube.ide.mcu.externaltools.gnu-tools-for-stm32.11.3.rel1.win32_1.1.1.202309131626/tools/bin/../lib/gcc/arm-none-eabi/11.3.1/../../../../arm-none-eabi/lib/thumb/v7e-m+fp/hard/crt0.o (exit)
C:/ST/STM32CubeIDE_1.13.2/STM32CubeIDE/plugins/com.st.stm32cube.ide.mcu.externaltools.gnu-tools-for-stm32.11.3.rel1.win32_1.1.1.202309131626/tools/bin/../lib/gcc/arm-none-eabi/11.3.1/../../../../arm-none-eabi/lib/thumb/v7e-m+fp/hard\libc_nano.a(libc_a-strtod.o)
                              ./Lua/lobject.o (strtof)
C:/ST/STM32CubeIDE_1.13.2/STM32CubeIDE/plugins/com.st.stm32cube.ide.mcu.externaltools.gnu-tools-for-stm32.11.3.rel1.win32_1.1.1.202309131626/tools/bin/../lib/gcc/arm-none-eabi/11.3.1/../../../../arm-none-eabi/lib/thumb/v7e-m+fp/hard\libc_nano.a(libc_a-ctype_.o)
                              ./Lua/lbaselib.o (_ctype_)
C:/ST/STM32CubeIDE_1.13.2/STM32CubeIDE/plugins/com.st.stm32cube.ide.mcu.externaltools.gnu-tools-for-stm32.11.3.rel1.win32_1.1.1.202309131626/tools/bin/../lib/gcc/arm-none-eabi/11.3.1/../../../../arm-none-eabi/lib/thumb/v7e-m+fp/hard\libc_nano.a(libc_a-findfp.o)
                              C:/ST/STM32CubeIDE_1.13.2/STM32CubeIDE/plugins/com.st.stm32cube.ide.mcu.externaltools.gnu-tools-for-stm32.11.3.rel1.win32_1.1.1.202309131626/tools/bin/../lib/gcc/arm-none-eabi/11.3.1/../../../../arm-none-eabi/lib/thumb/v7e-m+fp/hard\libc_nano.a(libc_a-exit.o) (__stdio_exit_handler)
C:/ST/STM32CubeIDE_1.13.2/STM32CubeIDE/plugins/com.st.stm32cube.ide.mcu.externaltools.gnu-tools-for-stm32.11.3.rel1.win32_1.1.1.202309131626/tools/bin/../lib/gcc/arm-none-eabi/11.3.1/../../../../arm-none-eabi/lib/thumb/v7e-m+fp/hard\libc_nano.a(libc_a-fwalk.o)
                              C:/ST/STM32CubeIDE_1.13.2/STM32CubeIDE/plugins/com.st.stm32cube.ide.mcu.externaltools.gnu-tools-for-stm32.11.3.rel1.win32_1.1.1.202309131626/tools/bin/../lib/gcc/arm-none-eabi/11.3.1/../../../../arm-none-eabi/lib/thumb/v7e-m+fp/hard\libc_nano.a(libc_a-findfp.o) (_fwalk_sglue)
C:/ST/STM32CubeIDE_1.13.2/STM32CubeIDE/plugins/com.st.stm32cube.ide.mcu.externaltools.gnu-tools-for-stm32.11.3.rel1.win32_1.1.1.202309131626/tools/bin/../lib/gcc/arm-none-eabi/11.3.1/../../../../arm-none-eabi/lib/thumb/v7e-m+fp/hard\libc_nano.a(libc_a-printf.o)
                              ./Core/Src/main.o (printf)
C:/ST/STM32CubeIDE_1.13.2/STM32CubeIDE/plugins/com.st.stm32cube.ide.mcu.externaltools.gnu-tools-for-stm32.11.3.rel1.win32_1.1.1.202309131626/tools/bin/../lib/gcc/arm-none-eabi/11.3.1/../../../../arm-none-eabi/lib/thumb/v7e-m+fp/hard\libc_nano.a(libc_a-putchar.o)
                              ./Core/Src/main.o (putchar)
C:/ST/STM32CubeIDE_1.13.2/STM32CubeIDE/plugins/com.st.stm32cube.ide.mcu.externaltools.gnu-tools-for-stm32.11.3.rel1.win32_1.1.1.202309131626/tools/bin/../lib/gcc/arm-none-eabi/11.3.1/../../../../arm-none-eabi/lib/thumb/v7e-m+fp/hard\libc_nano.a(libc_a-puts.o)
                              ./Core/Src/main.o (puts)
C:/ST/STM32CubeIDE_1.13.2/STM32CubeIDE/plugins/com.st.stm32cube.ide.mcu.externaltools.gnu-tools-for-stm32.11.3.rel1.win32_1.1.1.202309131626/tools/bin/../lib/gcc/arm-none-eabi/11.3.1/../../../../arm-none-eabi/lib/thumb/v7e-m+fp/hard\libc_nano.a(libc_a-snprintf.o)
                              ./Lua/lobject.o (snprintf)
C:/ST/STM32CubeIDE_1.13.2/STM32CubeIDE/plugins/com.st.stm32cube.ide.mcu.externaltools.gnu-tools-for-stm32.11.3.rel1.win32_1.1.1.202309131626/tools/bin/../lib/gcc/arm-none-eabi/11.3.1/../../../../arm-none-eabi/lib/thumb/v7e-m+fp/hard\libc_nano.a(libc_a-stdio.o)
                              C:/ST/STM32CubeIDE_1.13.2/STM32CubeIDE/plugins/com.st.stm32cube.ide.mcu.externaltools.gnu-tools-for-stm32.11.3.rel1.win32_1.1.1.202309131626/tools/bin/../lib/gcc/arm-none-eabi/11.3.1/../../../../arm-none-eabi/lib/thumb/v7e-m+fp/hard\libc_nano.a(libc_a-findfp.o) (__sread)
C:/ST/STM32CubeIDE_1.13.2/STM32CubeIDE/plugins/com.st.stm32cube.ide.mcu.externaltools.gnu-tools-for-stm32.11.3.rel1.win32_1.1.1.202309131626/tools/bin/../lib/gcc/arm-none-eabi/11.3.1/../../../../arm-none-eabi/lib/thumb/v7e-m+fp/hard\libc_nano.a(libc_a-wbuf.o)
                              C:/ST/STM32CubeIDE_1.13.2/STM32CubeIDE/plugins/com.st.stm32cube.ide.mcu.externaltools.gnu-tools-for-stm32.11.3.rel1.win32_1.1.1.202309131626/tools/bin/../lib/gcc/arm-none-eabi/11.3.1/../../../../arm-none-eabi/lib/thumb/v7e-m+fp/hard\libc_nano.a(libc_a-puts.o) (__swbuf_r)
[...]
Memory Configuration

Name             Origin             Length             Attributes
RAM              0x0000000020000000 0x0000000000018000 xrw
RAM2             0x0000000010000000 0x0000000000008000 xrw
FLASH            0x0000000008000000 0x0000000000100000 xr
*default*        0x0000000000000000 0xffffffffffffffff

Linker script and memory map

LOAD C:/ST/STM32CubeIDE_1.13.2/STM32CubeIDE/plugins/com.st.stm32cube.ide.mcu.externaltools.gnu-tools-for-stm32.11.3.rel1.win32_1.1.1.202309131626/tools/bin/../lib/gcc/arm-none-eabi/11.3.1/thumb/v7e-m+fp/hard/crti.o
LOAD C:/ST/STM32CubeIDE_1.13.2/STM32CubeIDE/plugins/com.st.stm32cube.ide.mcu.externaltools.gnu-tools-for-stm32.11.3.rel1.win32_1.1.1.202309131626/tools/bin/../lib/gcc/arm-none-eabi/11.3.1/thumb/v7e-m+fp/hard/crtbegin.o
LOAD C:/ST/STM32CubeIDE_1.13.2/STM32CubeIDE/plugins/com.st.stm32cube.ide.mcu.externaltools.gnu-tools-for-stm32.11.3.rel1.win32_1.1.1.202309131626/tools/bin/../lib/gcc/arm-none-eabi/11.3.1/../../../../arm-none-eabi/lib/thumb/v7e-m+fp/hard/crt0.o
LOAD ./Core/Src/main.o
LOAD ./Core/Src/stm32l4xx_hal_msp.o
LOAD ./Core/Src/stm32l4xx_it.o
LOAD ./Core/Src/syscalls.o
LOAD ./Core/Src/sysmem.o
LOAD ./Core/Src/system_stm32l4xx.o
LOAD ./Core/Startup/startup_stm32l476rgtx.o
LOAD ./Drivers/STM32L4xx_HAL_Driver/Src/stm32l4xx_hal.o
LOAD ./Drivers/STM32L4xx_HAL_Driver/Src/stm32l4xx_hal_cortex.o
LOAD ./Drivers/STM32L4xx_HAL_Driver/Src/stm32l4xx_hal_dma.o
LOAD ./Drivers/STM32L4xx_HAL_Driver/Src/stm32l4xx_hal_dma_ex.o
LOAD ./Drivers/STM32L4xx_HAL_Driver/Src/stm32l4xx_hal_exti.o
LOAD ./Drivers/STM32L4xx_HAL_Driver/Src/stm32l4xx_hal_flash.o
LOAD ./Drivers/STM32L4xx_HAL_Driver/Src/stm32l4xx_hal_flash_ex.o
LOAD ./Drivers/STM32L4xx_HAL_Driver/Src/stm32l4xx_hal_flash_ramfunc.o
LOAD ./Drivers/STM32L4xx_HAL_Driver/Src/stm32l4xx_hal_gpio.o
LOAD ./Drivers/STM32L4xx_HAL_Driver/Src/stm32l4xx_hal_pwr.o
LOAD ./Drivers/STM32L4xx_HAL_Driver/Src/stm32l4xx_hal_pwr_ex.o
LOAD ./Drivers/STM32L4xx_HAL_Driver/Src/stm32l4xx_hal_rcc.o
LOAD ./Drivers/STM32L4xx_HAL_Driver/Src/stm32l4xx_hal_rcc_ex.o
LOAD ./Drivers/STM32L4xx_HAL_Driver/Src/stm32l4xx_hal_tim.o
LOAD ./Drivers/STM32L4xx_HAL_Driver/Src/stm32l4xx_hal_tim_ex.o
LOAD ./Drivers/STM32L4xx_HAL_Driver/Src/stm32l4xx_hal_uart.o
LOAD ./Drivers/STM32L4xx_HAL_Driver/Src/stm32l4xx_hal_uart_ex.o
LOAD ./Lua/helper/luaHeap.o
LOAD ./Lua/helper/luaHelper.o
LOAD ./Lua/lapi.o
LOAD ./Lua/lauxlib.o
LOAD ./Lua/lbaselib.o
LOAD ./Lua/lcode.o
LOAD ./Lua/lctype.o
LOAD ./Lua/ldebug.o
LOAD ./Lua/ldo.o
LOAD ./Lua/lfunc.o
LOAD ./Lua/lgc.o
LOAD ./Lua/linit.o
LOAD ./Lua/llex.o
LOAD ./Lua/lmathlib.o
LOAD ./Lua/lmem.o
LOAD ./Lua/lobject.o
LOAD ./Lua/lopcodes.o
LOAD ./Lua/lparser.o
LOAD ./Lua/lstate.o
LOAD ./Lua/lstring.o
LOAD ./Lua/lstrlib.o
LOAD ./Lua/ltable.o
LOAD ./Lua/ltablib.o
LOAD ./Lua/ltm.o
LOAD ./Lua/lundump.o
LOAD ./Lua/lvm.o
LOAD ./Lua/lzio.o
LOAD ./luaProject/luaInterface.o
LOAD ./luaProject/printFreeHeap.o
START GROUP
LOAD C:/ST/STM32CubeIDE_1.13.2/STM32CubeIDE/plugins/com.st.stm32cube.ide.mcu.externaltools.gnu-tools-for-stm32.11.3.rel1.win32_1.1.1.202309131626/tools/bin/../lib/gcc/arm-none-eabi/11.3.1/../../../../arm-none-eabi/lib/thumb/v7e-m+fp/hard\libc_nano.a
LOAD C:/ST/STM32CubeIDE_1.13.2/STM32CubeIDE/plugins/com.st.stm32cube.ide.mcu.externaltools.gnu-tools-for-stm32.11.3.rel1.win32_1.1.1.202309131626/tools/bin/../lib/gcc/arm-none-eabi/11.3.1/../../../../arm-none-eabi/lib/thumb/v7e-m+fp/hard\libm.a
END GROUP
START GROUP
LOAD C:/ST/STM32CubeIDE_1.13.2/STM32CubeIDE/plugins/com.st.stm32cube.ide.mcu.externaltools.gnu-tools-for-stm32.11.3.rel1.win32_1.1.1.202309131626/tools/bin/../lib/gcc/arm-none-eabi/11.3.1/thumb/v7e-m+fp/hard\libgcc.a
LOAD C:/ST/STM32CubeIDE_1.13.2/STM32CubeIDE/plugins/com.st.stm32cube.ide.mcu.externaltools.gnu-tools-for-stm32.11.3.rel1.win32_1.1.1.202309131626/tools/bin/../lib/gcc/arm-none-eabi/11.3.1/../../../../arm-none-eabi/lib/thumb/v7e-m+fp/hard\libc_nano.a
END GROUP
START GROUP
LOAD C:/ST/STM32CubeIDE_1.13.2/STM32CubeIDE/plugins/com.st.stm32cube.ide.mcu.externaltools.gnu-tools-for-stm32.11.3.rel1.win32_1.1.1.202309131626/tools/bin/../lib/gcc/arm-none-eabi/11.3.1/thumb/v7e-m+fp/hard\libgcc.a
LOAD C:/ST/STM32CubeIDE_1.13.2/STM32CubeIDE/plugins/com.st.stm32cube.ide.mcu.externaltools.gnu-tools-for-stm32.11.3.rel1.win32_1.1.1.202309131626/tools/bin/../lib/gcc/arm-none-eabi/11.3.1/../../../../arm-none-eabi/lib/thumb/v7e-m+fp/hard\libc_nano.a
LOAD C:/ST/STM32CubeIDE_1.13.2/STM32CubeIDE/plugins/com.st.stm32cube.ide.mcu.externaltools.gnu-tools-for-stm32.11.3.rel1.win32_1.1.1.202309131626/tools/bin/../lib/gcc/arm-none-eabi/11.3.1/../../../../arm-none-eabi/lib/thumb/v7e-m+fp/hard\libnosys.a
END GROUP
START GROUP
LOAD C:/ST/STM32CubeIDE_1.13.2/STM32CubeIDE/plugins/com.st.stm32cube.ide.mcu.externaltools.gnu-tools-for-stm32.11.3.rel1.win32_1.1.1.202309131626/tools/bin/../lib/gcc/arm-none-eabi/11.3.1/thumb/v7e-m+fp/hard\libgcc.a
LOAD C:/ST/STM32CubeIDE_1.13.2/STM32CubeIDE/plugins/com.st.stm32cube.ide.mcu.externaltools.gnu-tools-for-stm32.11.3.rel1.win32_1.1.1.202309131626/tools/bin/../lib/gcc/arm-none-eabi/11.3.1/../../../../arm-none-eabi/lib/thumb/v7e-m+fp/hard\libc_nano.a
LOAD C:/ST/STM32CubeIDE_1.13.2/STM32CubeIDE/plugins/com.st.stm32cube.ide.mcu.externaltools.gnu-tools-for-stm32.11.3.rel1.win32_1.1.1.202309131626/tools/bin/../lib/gcc/arm-none-eabi/11.3.1/../../../../arm-none-eabi/lib/thumb/v7e-m+fp/hard\libnosys.a
END GROUP
LOAD C:/ST/STM32CubeIDE_1.13.2/STM32CubeIDE/plugins/com.st.stm32cube.ide.mcu.externaltools.gnu-tools-for-stm32.11.3.rel1.win32_1.1.1.202309131626/tools/bin/../lib/gcc/arm-none-eabi/11.3.1/thumb/v7e-m+fp/hard/crtend.o
LOAD C:/ST/STM32CubeIDE_1.13.2/STM32CubeIDE/plugins/com.st.stm32cube.ide.mcu.externaltools.gnu-tools-for-stm32.11.3.rel1.win32_1.1.1.202309131626/tools/bin/../lib/gcc/arm-none-eabi/11.3.1/thumb/v7e-m+fp/hard/crtn.o
                0x0000000020018000                _estack = (ORIGIN (RAM) + LENGTH (RAM))
                0x0000000000000200                _Min_Heap_Size = 0x200
                0x0000000000000400                _Min_Stack_Size = 0x400

.isr_vector     0x0000000008000000      0x188
                0x0000000008000000                . = ALIGN (0x4)
 *(.isr_vector)
 .isr_vector    0x0000000008000000      0x188 ./Core/Startup/startup_stm32l476rgtx.o
                0x0000000008000000                g_pfnVectors
                0x0000000008000188                . = ALIGN (0x4)

.text           0x0000000008000190    0x20b30
                0x0000000008000190                . = ALIGN (0x4)
 *(.text)
 .text          0x0000000008000190       0x40 C:/ST/STM32CubeIDE_1.13.2/STM32CubeIDE/plugins/com.st.stm32cube.ide.mcu.externaltools.gnu-tools-for-stm32.11.3.rel1.win32_1.1.1.202309131626/tools/bin/../lib/gcc/arm-none-eabi/11.3.1/thumb/v7e-m+fp/hard/crtbegin.o
 .text          0x00000000080001d0       0x1c C:/ST/STM32CubeIDE_1.13.2/STM32CubeIDE/plugins/com.st.stm32cube.ide.mcu.externaltools.gnu-tools-for-stm32.11.3.rel1.win32_1.1.1.202309131626/tools/bin/../lib/gcc/arm-none-eabi/11.3.1/../../../../arm-none-eabi/lib/thumb/v7e-m+fp/hard\libc_nano.a(libc_a-setjmp.o)
                0x00000000080001d0                setjmp
                0x00000000080001dc                longjmp
 .text          0x00000000080001ec       0x14 C:/ST/STM32CubeIDE_1.13.2/STM32CubeIDE/plugins/com.st.stm32cube.ide.mcu.externaltools.gnu-tools-for-stm32.11.3.rel1.win32_1.1.1.202309131626/tools/bin/../lib/gcc/arm-none-eabi/11.3.1/../../../../arm-none-eabi/lib/thumb/v7e-m+fp/hard\libc_nano.a(libc_a-strcmp.o)
                0x00000000080001ec                strcmp
 .text          0x0000000008000200       0xa0 C:/ST/STM32CubeIDE_1.13.2/STM32CubeIDE/plugins/com.st.stm32cube.ide.mcu.externaltools.gnu-tools-for-stm32.11.3.rel1.win32_1.1.1.202309131626/tools/bin/../lib/gcc/arm-none-eabi/11.3.1/../../../../arm-none-eabi/lib/thumb/v7e-m+fp/hard\libc_nano.a(libc_a-memchr.o)
                0x0000000008000200                memchr
 .text          0x00000000080002a0       0x10 C:/ST/STM32CubeIDE_1.13.2/STM32CubeIDE/plugins/com.st.stm32cube.ide.mcu.externaltools.gnu-tools-for-stm32.11.3.rel1.win32_1.1.1.202309131626/tools/bin/../lib/gcc/arm-none-eabi/11.3.1/../../../../arm-none-eabi/lib/thumb/v7e-m+fp/hard\libc_nano.a(libc_a-strlen.o)
                0x00000000080002a0                strlen
 .text          0x00000000080002b0      0x378 C:/ST/STM32CubeIDE_1.13.2/STM32CubeIDE/plugins/com.st.stm32cube.ide.mcu.externaltools.gnu-tools-for-stm32.11.3.rel1.win32_1.1.1.202309131626/tools/bin/../lib/gcc/arm-none-eabi/11.3.1/thumb/v7e-m+fp/hard\libgcc.a(_arm_addsubdf3.o)
                0x00000000080002b0                __aeabi_drsub
                0x00000000080002b8                __aeabi_dsub
                0x00000000080002b8                __subdf3
                0x00000000080002bc                __aeabi_dadd
                0x00000000080002bc                __adddf3
                0x0000000008000534                __floatunsidf
                0x0000000008000534                __aeabi_ui2d
                0x0000000008000554                __floatsidf
                0x0000000008000554                __aeabi_i2d
                0x0000000008000578                __aeabi_f2d
                0x0000000008000578                __extendsfdf2
                0x00000000080005bc                __floatundidf
                0x00000000080005bc                __aeabi_ul2d
                0x00000000080005cc                __floatdidf
                0x00000000080005cc                __aeabi_l2d
 .text          0x0000000008000628      0x424 C:/ST/STM32CubeIDE_1.13.2/STM32CubeIDE/plugins/com.st.stm32cube.ide.mcu.externaltools.gnu-tools-for-stm32.11.3.rel1.win32_1.1.1.202309131626/tools/bin/../lib/gcc/arm-none-eabi/11.3.1/thumb/v7e-m+fp/hard\libgcc.a(_arm_muldivdf3.o)
                0x0000000008000628                __aeabi_dmul
                0x0000000008000628                __muldf3
                0x000000000800087c                __divdf3
                0x000000000800087c                __aeabi_ddiv
 .text          0x0000000008000a4c      0x110 C:/ST/STM32CubeIDE_1.13.2/STM32CubeIDE/plugins/com.st.stm32cube.ide.mcu.externaltools.gnu-tools-for-stm32.11.3.rel1.win32_1.1.1.202309131626/tools/bin/../lib/gcc/arm-none-eabi/11.3.1/thumb/v7e-m+fp/hard\libgcc.a(_arm_cmpdf2.o)
                0x0000000008000a4c                __gtdf2
                0x0000000008000a4c                __gedf2
                0x0000000008000a54                __ltdf2
                0x0000000008000a54                __ledf2
                0x0000000008000a5c                __nedf2
                0x0000000008000a5c                __eqdf2
                0x0000000008000a5c                __cmpdf2
                0x0000000008000ad8                __aeabi_cdrcmple
                0x0000000008000ae8                __aeabi_cdcmpeq
                0x0000000008000ae8                __aeabi_cdcmple
                0x0000000008000af8                __aeabi_dcmpeq
                0x0000000008000b0c                __aeabi_dcmplt
                0x0000000008000b20                __aeabi_dcmple
                0x0000000008000b34                __aeabi_dcmpge
                0x0000000008000b48                __aeabi_dcmpgt
 .text          0x0000000008000b5c       0x2c C:/ST/STM32CubeIDE_1.13.2/STM32CubeIDE/plugins/com.st.stm32cube.ide.mcu.externaltools.gnu-tools-for-stm32.11.3.rel1.win32_1.1.1.202309131626/tools/bin/../lib/gcc/arm-none-eabi/11.3.1/thumb/v7e-m+fp/hard\libgcc.a(_arm_unorddf2.o)
                0x0000000008000b5c                __unorddf2
                0x0000000008000b5c                __aeabi_dcmpun
 .text          0x0000000008000b88       0x40 C:/ST/STM32CubeIDE_1.13.2/STM32CubeIDE/plugins/com.st.stm32cube.ide.mcu.externaltools.gnu-tools-for-stm32.11.3.rel1.win32_1.1.1.202309131626/tools/bin/../lib/gcc/arm-none-eabi/11.3.1/thumb/v7e-m+fp/hard\libgcc.a(_arm_fixunsdfsi.o)
                0x0000000008000b88                __aeabi_d2uiz
                0x0000000008000b88                __fixunsdfsi
 .text          0x0000000008000bc8       0xa0 C:/ST/STM32CubeIDE_1.13.2/STM32CubeIDE/plugins/com.st.stm32cube.ide.mcu.externaltools.gnu-tools-for-stm32.11.3.rel1.win32_1.1.1.202309131626/tools/bin/../lib/gcc/arm-none-eabi/11.3.1/thumb/v7e-m+fp/hard\libgcc.a(_arm_truncdfsf2.o)
                0x0000000008000bc8                __truncdfsf2
                0x0000000008000bc8                __aeabi_d2f
 .text          0x0000000008000c68       0x30 C:/ST/STM32CubeIDE_1.13.2/STM32CubeIDE/plugins/com.st.stm32cube.ide.mcu.externaltools.gnu-tools-for-stm32.11.3.rel1.win32_1.1.1.202309131626/tools/bin/../lib/gcc/arm-none-eabi/11.3.1/thumb/v7e-m+fp/hard\libgcc.a(_aeabi_uldivmod.o)
                0x0000000008000c68                __aeabi_uldivmod
 .text          0x0000000008000c98       0x30 C:/ST/STM32CubeIDE_1.13.2/STM32CubeIDE/plugins/com.st.stm32cube.ide.mcu.externaltools.gnu-tools-for-stm32.11.3.rel1.win32_1.1.1.202309131626/tools/bin/../lib/gcc/arm-none-eabi/11.3.1/thumb/v7e-m+fp/hard\libgcc.a(_fixdfdi.o)
                0x0000000008000c98                __fixdfdi
                0x0000000008000c98                __aeabi_d2lz
 .text          0x0000000008000cc8       0x3c C:/ST/STM32CubeIDE_1.13.2/STM32CubeIDE/plugins/com.st.stm32cube.ide.mcu.externaltools.gnu-tools-for-stm32.11.3.rel1.win32_1.1.1.202309131626/tools/bin/../lib/gcc/arm-none-eabi/11.3.1/thumb/v7e-m+fp/hard\libgcc.a(_fixunsdfdi.o)
                0x0000000008000cc8                __fixunsdfdi
                0x0000000008000cc8                __aeabi_d2ulz
 .text          0x0000000008000d04      0x2c8 C:/ST/STM32CubeIDE_1.13.2/STM32CubeIDE/plugins/com.st.stm32cube.ide.mcu.externaltools.gnu-tools-for-stm32.11.3.rel1.win32_1.1.1.202309131626/tools/bin/../lib/gcc/arm-none-eabi/11.3.1/thumb/v7e-m+fp/hard\libgcc.a(_udivmoddi4.o)
                0x0000000008000d04                __udivmoddi4
 .text          0x0000000008000fcc        0x4 C:/ST/STM32CubeIDE_1.13.2/STM32CubeIDE/plugins/com.st.stm32cube.ide.mcu.externaltools.gnu-tools-for-stm32.11.3.rel1.win32_1.1.1.202309131626/tools/bin/../lib/gcc/arm-none-eabi/11.3.1/thumb/v7e-m+fp/hard\libgcc.a(_dvmd_tls.o)
                0x0000000008000fcc                __aeabi_idiv0
                0x0000000008000fcc                __aeabi_ldiv0
 *(.text*)
 .text.__io_putchar
                0x0000000008000fd0       0x28 ./Core/Src/main.o
                0x0000000008000fd0                __io_putchar
 .text.main     0x0000000008000ff8       0xe0 ./Core/Src/main.o
                0x0000000008000ff8                main
 .text.SystemClock_Config
                0x00000000080010d8       0xa2 ./Core/Src/main.o
                0x00000000080010d8                SystemClock_Config
 *fill*         0x000000000800117a        0x2 
 .text.MX_UART4_Init
                0x000000000800117c       0x60 ./Core/Src/main.o
 .text.MX_USART2_UART_Init
                0x00000000080011dc       0x60 ./Core/Src/main.o
 .text.MX_GPIO_Init
                0x000000000800123c       0xcc ./Core/Src/main.o
 .text.Error_Handler
                0x0000000008001308        0xa ./Core/Src/main.o
                0x0000000008001308                Error_Handler
 *fill*         0x0000000008001312        0x2 
 .text.HAL_MspInit
                0x0000000008001314       0x48 ./Core/Src/stm32l4xx_hal_msp.o
                0x0000000008001314                HAL_MspInit
 .text.HAL_UART_MspInit
                0x000000000800135c      0x140 ./Core/Src/stm32l4xx_hal_msp.o
                0x000000000800135c                HAL_UART_MspInit
 .text.NMI_Handler
                0x000000000800149c        0x6 ./Core/Src/stm32l4xx_it.o
                0x000000000800149c                NMI_Handler
 .text.HardFault_Handler
                0x00000000080014a2        0x6 ./Core/Src/stm32l4xx_it.o
                0x00000000080014a2                HardFault_Handler
 .text.MemManage_Handler
                0x00000000080014a8        0x6 ./Core/Src/stm32l4xx_it.o
                0x00000000080014a8                MemManage_Handler
 .text.BusFault_Handler
                0x00000000080014ae        0x6 ./Core/Src/stm32l4xx_it.o
                0x00000000080014ae                BusFault_Handler
 .text.UsageFault_Handler
                0x00000000080014b4        0x6 ./Core/Src/stm32l4xx_it.o
                0x00000000080014b4                UsageFault_Handler
 .text.SVC_Handler
                0x00000000080014ba        0xe ./Core/Src/stm32l4xx_it.o
                0x00000000080014ba                SVC_Handler
 .text.DebugMon_Handler
                0x00000000080014c8        0xe ./Core/Src/stm32l4xx_it.o
                0x00000000080014c8                DebugMon_Handler
 .text.PendSV_Handler
                0x00000000080014d6        0xe ./Core/Src/stm32l4xx_it.o
                0x00000000080014d6                PendSV_Handler
 .text.SysTick_Handler
                0x00000000080014e4        0xc ./Core/Src/stm32l4xx_it.o
                0x00000000080014e4                SysTick_Handler
 .text._getpid  0x00000000080014f0       0x10 ./Core/Src/syscalls.o
                0x00000000080014f0                _getpid
 .text._kill    0x0000000008001500       0x20 ./Core/Src/syscalls.o
                0x0000000008001500                _kill
 .text._exit    0x0000000008001520       0x14 ./Core/Src/syscalls.o
                0x0000000008001520                _exit
 .text._read    0x0000000008001534       0x3a ./Core/Src/syscalls.o
                0x0000000008001534                _read
 .text._write   0x000000000800156e       0x38 ./Core/Src/syscalls.o
                0x000000000800156e                _write
 .text._close   0x00000000080015a6       0x18 ./Core/Src/syscalls.o
                0x00000000080015a6                _close
 .text._fstat   0x00000000080015be       0x20 ./Core/Src/syscalls.o
                0x00000000080015be                _fstat
 .text._isatty  0x00000000080015de       0x16 ./Core/Src/syscalls.o
                0x00000000080015de                _isatty
 .text._lseek   0x00000000080015f4       0x1a ./Core/Src/syscalls.o
                0x00000000080015f4                _lseek
 *fill*         0x000000000800160e        0x2 
 .text._sbrk    0x0000000008001610       0x6c ./Core/Src/sysmem.o
                0x0000000008001610                _sbrk
 .text.SystemInit
                0x000000000800167c       0x24 ./Core/Src/system_stm32l4xx.o
                0x000000000800167c                SystemInit
 .text.Reset_Handler
                0x00000000080016a0       0x50 ./Core/Startup/startup_stm32l476rgtx.o
                0x00000000080016a0                Reset_Handler
 .text.Default_Handler
                0x00000000080016f0        0x2 ./Core/Startup/startup_stm32l476rgtx.o
                0x00000000080016f0                RTC_Alarm_IRQHandler
                0x00000000080016f0                EXTI2_IRQHandler
                0x00000000080016f0                TIM8_TRG_COM_IRQHandler
                0x00000000080016f0                TIM8_CC_IRQHandler
                0x00000000080016f0                TIM1_CC_IRQHandler
                0x00000000080016f0                TSC_IRQHandler
                0x00000000080016f0                TAMP_STAMP_IRQHandler
                0x00000000080016f0                EXTI3_IRQHandler
                0x00000000080016f0                LPTIM2_IRQHandler
                0x00000000080016f0                DFSDM1_FLT1_IRQHandler
                0x00000000080016f0                I2C3_ER_IRQHandler
                0x00000000080016f0                DFSDM1_FLT2_IRQHandler
                0x00000000080016f0                EXTI0_IRQHandler
                0x00000000080016f0                I2C2_EV_IRQHandler
                0x00000000080016f0                CAN1_RX0_IRQHandler
                0x00000000080016f0                FPU_IRQHandler
                0x00000000080016f0                TIM1_UP_TIM16_IRQHandler
                0x00000000080016f0                ADC1_2_IRQHandler
                0x00000000080016f0                SPI1_IRQHandler
                0x00000000080016f0                TIM6_DAC_IRQHandler
                0x00000000080016f0                TIM8_UP_IRQHandler
                0x00000000080016f0                DMA2_Channel2_IRQHandler
                0x00000000080016f0                DMA1_Channel4_IRQHandler
                0x00000000080016f0                SAI2_IRQHandler
                0x00000000080016f0                DFSDM1_FLT3_IRQHandler
                0x00000000080016f0                USART3_IRQHandler
                0x00000000080016f0                DMA1_Channel7_IRQHandler
                0x00000000080016f0                CAN1_RX1_IRQHandler
                0x00000000080016f0                LCD_IRQHandler
                0x00000000080016f0                UART5_IRQHandler
                0x00000000080016f0                ADC3_IRQHandler
                0x00000000080016f0                TIM4_IRQHandler
                0x00000000080016f0                DMA2_Channel1_IRQHandler
                0x00000000080016f0                QUADSPI_IRQHandler
                0x00000000080016f0                I2C1_EV_IRQHandler
                0x00000000080016f0                DMA1_Channel6_IRQHandler
                0x00000000080016f0                UART4_IRQHandler
                0x00000000080016f0                DMA2_Channel4_IRQHandler
                0x00000000080016f0                TIM3_IRQHandler
                0x00000000080016f0                RCC_IRQHandler
                0x00000000080016f0                DMA1_Channel1_IRQHandler
                0x00000000080016f0                Default_Handler
                0x00000000080016f0                DMA2_Channel7_IRQHandler
                0x00000000080016f0                EXTI15_10_IRQHandler
                0x00000000080016f0                TIM7_IRQHandler
                0x00000000080016f0                SDMMC1_IRQHandler
                0x00000000080016f0                TIM5_IRQHandler
                0x00000000080016f0                I2C3_EV_IRQHandler
                0x00000000080016f0                EXTI9_5_IRQHandler
                0x00000000080016f0                RTC_WKUP_IRQHandler
                0x00000000080016f0                PVD_PVM_IRQHandler
                0x00000000080016f0                SPI2_IRQHandler
                0x00000000080016f0                CAN1_TX_IRQHandler
                0x00000000080016f0                DMA2_Channel5_IRQHandler
                0x00000000080016f0                DMA1_Channel5_IRQHandler
                0x00000000080016f0                EXTI4_IRQHandler
                0x00000000080016f0                RNG_IRQHandler
                0x00000000080016f0                TIM1_TRG_COM_TIM17_IRQHandler
                0x00000000080016f0                DMA1_Channel3_IRQHandler
                0x00000000080016f0                COMP_IRQHandler
                0x00000000080016f0                WWDG_IRQHandler
                0x00000000080016f0                LPUART1_IRQHandler
                0x00000000080016f0                DMA2_Channel6_IRQHandler
                0x00000000080016f0                TIM2_IRQHandler
                0x00000000080016f0                EXTI1_IRQHandler
                0x00000000080016f0                USART2_IRQHandler
                0x00000000080016f0                DFSDM1_FLT0_IRQHandler
                0x00000000080016f0                I2C2_ER_IRQHandler
                0x00000000080016f0                DMA1_Channel2_IRQHandler
                0x00000000080016f0                TIM8_BRK_IRQHandler
                0x00000000080016f0                CAN1_SCE_IRQHandler
                0x00000000080016f0                FLASH_IRQHandler
                0x00000000080016f0                USART1_IRQHandler
                0x00000000080016f0                OTG_FS_IRQHandler
                0x00000000080016f0                SPI3_IRQHandler
                0x00000000080016f0                I2C1_ER_IRQHandler
                0x00000000080016f0                FMC_IRQHandler
                0x00000000080016f0                SWPMI1_IRQHandler
                0x00000000080016f0                LPTIM1_IRQHandler
                0x00000000080016f0                SAI1_IRQHandler
                0x00000000080016f0                DMA2_Channel3_IRQHandler
                0x00000000080016f0                TIM1_BRK_TIM15_IRQHandler
 *fill*         0x00000000080016f2        0x2 
 .text.HAL_Init
                0x00000000080016f4       0x40 ./Drivers/STM32L4xx_HAL_Driver/Src/stm32l4xx_hal.o
                0x00000000080016f4                HAL_Init
 .text.HAL_InitTick
                0x0000000008001734       0x78 ./Drivers/STM32L4xx_HAL_Driver/Src/stm32l4xx_hal.o
                0x0000000008001734                HAL_InitTick
 .text.HAL_IncTick
                0x00000000080017ac       0x28 ./Drivers/STM32L4xx_HAL_Driver/Src/stm32l4xx_hal.o
                0x00000000080017ac                HAL_IncTick
 .text.HAL_GetTick
                0x00000000080017d4       0x18 ./Drivers/STM32L4xx_HAL_Driver/Src/stm32l4xx_hal.o
                0x00000000080017d4                HAL_GetTick
 .text.HAL_Delay
                0x00000000080017ec       0x48 ./Drivers/STM32L4xx_HAL_Driver/Src/stm32l4xx_hal.o
                0x00000000080017ec                HAL_Delay
 .text.__NVIC_SetPriorityGrouping
                0x0000000008001834       0x48 ./Drivers/STM32L4xx_HAL_Driver/Src/stm32l4xx_hal_cortex.o
 .text.__NVIC_GetPriorityGrouping
                0x000000000800187c       0x1c ./Drivers/STM32L4xx_HAL_Driver/Src/stm32l4xx_hal_cortex.o
 .text.__NVIC_SetPriority
                0x0000000008001898       0x54 ./Drivers/STM32L4xx_HAL_Driver/Src/stm32l4xx_hal_cortex.o
 .text.NVIC_EncodePriority
                0x00000000080018ec       0x66 ./Drivers/STM32L4xx_HAL_Driver/Src/stm32l4xx_hal_cortex.o
 *fill*         0x0000000008001952        0x2 
 .text.SysTick_Config
                0x0000000008001954       0x44 ./Drivers/STM32L4xx_HAL_Driver/Src/stm32l4xx_hal_cortex.o
 .text.HAL_NVIC_SetPriorityGrouping
                0x0000000008001998       0x16 ./Drivers/STM32L4xx_HAL_Driver/Src/stm32l4xx_hal_cortex.o
                0x0000000008001998                HAL_NVIC_SetPriorityGrouping
 .text.HAL_NVIC_SetPriority
                0x00000000080019ae       0x38 ./Drivers/STM32L4xx_HAL_Driver/Src/stm32l4xx_hal_cortex.o
                0x00000000080019ae                HAL_NVIC_SetPriority
 .text.HAL_SYSTICK_Config
                0x00000000080019e6       0x18 ./Drivers/STM32L4xx_HAL_Driver/Src/stm32l4xx_hal_cortex.o
                0x00000000080019e6                HAL_SYSTICK_Config
 *fill*         0x00000000080019fe        0x2 
 .text.HAL_GPIO_Init
                0x0000000008001a00      0x354 ./Drivers/STM32L4xx_HAL_Driver/Src/stm32l4xx_hal_gpio.o
                0x0000000008001a00                HAL_GPIO_Init
 .text.HAL_GPIO_WritePin
                0x0000000008001d54       0x30 ./Drivers/STM32L4xx_HAL_Driver/Src/stm32l4xx_hal_gpio.o
                0x0000000008001d54                HAL_GPIO_WritePin
 .text.HAL_GPIO_TogglePin
                0x0000000008001d84       0x34 ./Drivers/STM32L4xx_HAL_Driver/Src/stm32l4xx_hal_gpio.o
                0x0000000008001d84                HAL_GPIO_TogglePin
 .text.HAL_PWREx_GetVoltageRange
                0x0000000008001db8       0x1c ./Drivers/STM32L4xx_HAL_Driver/Src/stm32l4xx_hal_pwr_ex.o
                0x0000000008001db8                HAL_PWREx_GetVoltageRange
 .text.HAL_PWREx_ControlVoltageScaling
                0x0000000008001dd4       0xac ./Drivers/STM32L4xx_HAL_Driver/Src/stm32l4xx_hal_pwr_ex.o
                0x0000000008001dd4                HAL_PWREx_ControlVoltageScaling
 .text.HAL_RCC_OscConfig
                0x0000000008001e80      0x7b8 ./Drivers/STM32L4xx_HAL_Driver/Src/stm32l4xx_hal_rcc.o
                0x0000000008001e80                HAL_RCC_OscConfig
 .text.HAL_RCC_ClockConfig
                0x0000000008002638      0x200 ./Drivers/STM32L4xx_HAL_Driver/Src/stm32l4xx_hal_rcc.o
                0x0000000008002638                HAL_RCC_ClockConfig
 .text.HAL_RCC_GetSysClockFreq
                0x0000000008002838      0x118 ./Drivers/STM32L4xx_HAL_Driver/Src/stm32l4xx_hal_rcc.o
                0x0000000008002838                HAL_RCC_GetSysClockFreq
 .text.HAL_RCC_GetHCLKFreq
                0x0000000008002950       0x18 ./Drivers/STM32L4xx_HAL_Driver/Src/stm32l4xx_hal_rcc.o
                0x0000000008002950                HAL_RCC_GetHCLKFreq
 .text.HAL_RCC_GetPCLK1Freq
                0x0000000008002968       0x2c ./Drivers/STM32L4xx_HAL_Driver/Src/stm32l4xx_hal_rcc.o
                0x0000000008002968                HAL_RCC_GetPCLK1Freq
 .text.HAL_RCC_GetPCLK2Freq
                0x0000000008002994       0x2c ./Drivers/STM32L4xx_HAL_Driver/Src/stm32l4xx_hal_rcc.o
                0x0000000008002994                HAL_RCC_GetPCLK2Freq
 .text.RCC_SetFlashLatencyFromMSIRange
                0x00000000080029c0       0xc0 ./Drivers/STM32L4xx_HAL_Driver/Src/stm32l4xx_hal_rcc.o
 .text.HAL_RCCEx_PeriphCLKConfig
                0x0000000008002a80      0x5d4 ./Drivers/STM32L4xx_HAL_Driver/Src/stm32l4xx_hal_rcc_ex.o
                0x0000000008002a80                HAL_RCCEx_PeriphCLKConfig
 .text.RCCEx_PLLSAI1_Config
                0x0000000008003054      0x1e8 ./Drivers/STM32L4xx_HAL_Driver/Src/stm32l4xx_hal_rcc_ex.o
 .text.RCCEx_PLLSAI2_Config
                0x000000000800323c      0x1bc ./Drivers/STM32L4xx_HAL_Driver/Src/stm32l4xx_hal_rcc_ex.o
 .text.HAL_UART_Init
                0x00000000080033f8       0x9c ./Drivers/STM32L4xx_HAL_Driver/Src/stm32l4xx_hal_uart.o
                0x00000000080033f8                HAL_UART_Init
 .text.HAL_UART_Transmit
                0x0000000008003494      0x114 ./Drivers/STM32L4xx_HAL_Driver/Src/stm32l4xx_hal_uart.o
                0x0000000008003494                HAL_UART_Transmit
 .text.UART_SetConfig
                0x00000000080035a8      0x570 ./Drivers/STM32L4xx_HAL_Driver/Src/stm32l4xx_hal_uart.o
                0x00000000080035a8                UART_SetConfig
 .text.UART_AdvFeatureConfig
                0x0000000008003b18      0x144 ./Drivers/STM32L4xx_HAL_Driver/Src/stm32l4xx_hal_uart.o
                0x0000000008003b18                UART_AdvFeatureConfig
 .text.UART_CheckIdleState
                0x0000000008003c5c      0x150 ./Drivers/STM32L4xx_HAL_Driver/Src/stm32l4xx_hal_uart.o
                0x0000000008003c5c                UART_CheckIdleState
 .text.UART_WaitOnFlagUntilTimeout
                0x0000000008003dac       0xce ./Drivers/STM32L4xx_HAL_Driver/Src/stm32l4xx_hal_uart.o
                0x0000000008003dac                UART_WaitOnFlagUntilTimeout
 .text.UART_EndRxTransfer
                0x0000000008003e7a       0xc8 ./Drivers/STM32L4xx_HAL_Driver/Src/stm32l4xx_hal_uart.o
 *fill*         0x0000000008003f42        0x2 
 .text.luaMalloc
                0x0000000008003f44      0x128 ./Lua/helper/luaHeap.o
                0x0000000008003f44                luaMalloc
 .text.luaFree  0x000000000800406c       0x74 ./Lua/helper/luaHeap.o
                0x000000000800406c                luaFree
 .text.LuaHeapInit
                0x00000000080040e0       0xc4 ./Lua/helper/luaHeap.o
 .text.LuaInsertBlockIntoFreeList
                0x00000000080041a4       0xb4 ./Lua/helper/luaHeap.o
 .text.report   0x0000000008004258       0x50 ./Lua/helper/luaHelper.o
 .text.dostring
                0x00000000080042a8       0x52 ./Lua/helper/luaHelper.o
                0x00000000080042a8                dostring
 *fill*         0x00000000080042fa        0x2 
 .text.index2addr
                0x00000000080042fc       0xac ./Lua/lapi.o
 .text.growstack
                0x00000000080043a8       0x20 ./Lua/lapi.o
 .text.lua_checkstack
                0x00000000080043c8       0x9c ./Lua/lapi.o
                0x00000000080043c8                lua_checkstack
 .text.lua_atpanic
                0x0000000008004464       0x28 ./Lua/lapi.o
                0x0000000008004464                lua_atpanic
 .text.lua_version
                0x000000000800448c       0x28 ./Lua/lapi.o
                0x000000000800448c                lua_version
 .text.lua_absindex
                0x00000000080044b4       0x40 ./Lua/lapi.o
                0x00000000080044b4                lua_absindex
 .text.lua_gettop
                0x00000000080044f4       0x24 ./Lua/lapi.o
                0x00000000080044f4                lua_gettop
 .text.lua_settop
                0x0000000008004518       0x68 ./Lua/lapi.o
                0x0000000008004518                lua_settop
 .text.reverse  0x0000000008004580       0x66 ./Lua/lapi.o
 .text.lua_rotate
                0x00000000080045e6       0x6a ./Lua/lapi.o
                0x00000000080045e6                lua_rotate
 .text.lua_copy
                0x0000000008004650       0x88 ./Lua/lapi.o
                0x0000000008004650                lua_copy
 .text.lua_pushvalue
                0x00000000080046d8       0x38 ./Lua/lapi.o
                0x00000000080046d8                lua_pushvalue
 .text.lua_type
                0x0000000008004710       0x38 ./Lua/lapi.o
                0x0000000008004710                lua_type
 .text.lua_typename
                0x0000000008004748       0x24 ./Lua/lapi.o
                0x0000000008004748                lua_typename
 .text.lua_isinteger
                0x000000000800476c       0x2a ./Lua/lapi.o
                0x000000000800476c                lua_isinteger
 .text.lua_isnumber
                0x0000000008004796       0x3c ./Lua/lapi.o
                0x0000000008004796                lua_isnumber
 .text.lua_isstring
                0x00000000080047d2       0x3a ./Lua/lapi.o
                0x00000000080047d2                lua_isstring
 .text.lua_rawequal
                0x000000000800480c       0x4c ./Lua/lapi.o
                0x000000000800480c                lua_rawequal
 .text.lua_compare
                0x0000000008004858       0x8c ./Lua/lapi.o
                0x0000000008004858                lua_compare
 .text.lua_stringtonumber
                0x00000000080048e4       0x34 ./Lua/lapi.o
                0x00000000080048e4                lua_stringtonumber
 .text.lua_tonumberx
                0x0000000008004918       0x60 ./Lua/lapi.o
                0x0000000008004918                lua_tonumberx
 .text.lua_tointegerx
                0x0000000008004978       0x5a ./Lua/lapi.o
                0x0000000008004978                lua_tointegerx
 .text.lua_toboolean
                0x00000000080049d2       0x3a ./Lua/lapi.o
                0x00000000080049d2                lua_toboolean
 .text.lua_tolstring
                0x0000000008004a0c       0x90 ./Lua/lapi.o
                0x0000000008004a0c                lua_tolstring
 .text.lua_rawlen
                0x0000000008004a9c       0x9c ./Lua/lapi.o
                0x0000000008004a9c                lua_rawlen
 .text.lua_touserdata
                0x0000000008004b38       0x3c ./Lua/lapi.o
                0x0000000008004b38                lua_touserdata
 .text.lua_topointer
                0x0000000008004b74       0xf4 ./Lua/lapi.o
                0x0000000008004b74                lua_topointer
 .text.lua_pushnil
                0x0000000008004c68       0x28 ./Lua/lapi.o
                0x0000000008004c68                lua_pushnil
 .text.lua_pushnumber
                0x0000000008004c90       0x36 ./Lua/lapi.o
                0x0000000008004c90                lua_pushnumber
 .text.lua_pushinteger
                0x0000000008004cc6       0x34 ./Lua/lapi.o
                0x0000000008004cc6                lua_pushinteger
 *fill*         0x0000000008004cfa        0x2 
 .text.lua_pushlstring
                0x0000000008004cfc       0x78 ./Lua/lapi.o
                0x0000000008004cfc                lua_pushlstring
 .text.lua_pushstring
                0x0000000008004d74       0x70 ./Lua/lapi.o
                0x0000000008004d74                lua_pushstring
 .text.lua_pushvfstring
                0x0000000008004de4       0x32 ./Lua/lapi.o
                0x0000000008004de4                lua_pushvfstring
 .text.lua_pushfstring
                0x0000000008004e16       0x3c ./Lua/lapi.o
                0x0000000008004e16                lua_pushfstring
 .text.lua_pushcclosure
                0x0000000008004e52       0xac ./Lua/lapi.o
                0x0000000008004e52                lua_pushcclosure
 .text.lua_pushboolean
                0x0000000008004efe       0x40 ./Lua/lapi.o
                0x0000000008004efe                lua_pushboolean
 .text.auxgetstr
                0x0000000008004f3e       0xc4 ./Lua/lapi.o
 .text.lua_getglobal
                0x0000000008005002       0x30 ./Lua/lapi.o
                0x0000000008005002                lua_getglobal
 .text.lua_gettable
                0x0000000008005032       0x94 ./Lua/lapi.o
                0x0000000008005032                lua_gettable
 .text.lua_getfield
                0x00000000080050c6       0x2a ./Lua/lapi.o
                0x00000000080050c6                lua_getfield
 .text.lua_geti
                0x00000000080050f0       0xb6 ./Lua/lapi.o
                0x00000000080050f0                lua_geti
 .text.lua_rawget
                0x00000000080051a6       0x50 ./Lua/lapi.o
                0x00000000080051a6                lua_rawget
 .text.lua_rawgeti
                0x00000000080051f6       0x54 ./Lua/lapi.o
                0x00000000080051f6                lua_rawgeti
 .text.lua_createtable
                0x000000000800524a       0x66 ./Lua/lapi.o
                0x000000000800524a                lua_createtable
 .text.lua_getmetatable
                0x00000000080052b0       0x8c ./Lua/lapi.o
                0x00000000080052b0                lua_getmetatable
 .text.auxsetstr
                0x000000000800533c       0xfe ./Lua/lapi.o
 .text.lua_setglobal
                0x000000000800543a       0x2e ./Lua/lapi.o
                0x000000000800543a                lua_setglobal
 .text.lua_setfield
                0x0000000008005468       0x28 ./Lua/lapi.o
                0x0000000008005468                lua_setfield
 .text.lua_seti
                0x0000000008005490       0xf0 ./Lua/lapi.o
                0x0000000008005490                lua_seti
 .text.lua_rawset
                0x0000000008005580       0x92 ./Lua/lapi.o
                0x0000000008005580                lua_rawset
 .text.lua_rawseti
                0x0000000008005612       0x7a ./Lua/lapi.o
                0x0000000008005612                lua_rawseti
 .text.lua_setmetatable
                0x000000000800568c      0x106 ./Lua/lapi.o
                0x000000000800568c                lua_setmetatable
 .text.lua_callk
                0x0000000008005792       0x7e ./Lua/lapi.o
                0x0000000008005792                lua_callk
 .text.f_call   0x0000000008005810       0x26 ./Lua/lapi.o
 *fill*         0x0000000008005836        0x2 
 .text.lua_pcallk
                0x0000000008005838      0x120 ./Lua/lapi.o
                0x0000000008005838                lua_pcallk
 .text.lua_load
                0x0000000008005958       0xb0 ./Lua/lapi.o
                0x0000000008005958                lua_load
 .text.lua_gc   0x0000000008005a08      0x148 ./Lua/lapi.o
                0x0000000008005a08                lua_gc
 .text.lua_error
                0x0000000008005b50        0xe ./Lua/lapi.o
                0x0000000008005b50                lua_error
 .text.lua_next
                0x0000000008005b5e       0x54 ./Lua/lapi.o
                0x0000000008005b5e                lua_next
 *fill*         0x0000000008005bb2        0x2 
 .text.lua_concat
                0x0000000008005bb4       0x70 ./Lua/lapi.o
                0x0000000008005bb4                lua_concat
 .text.lua_len  0x0000000008005c24       0x36 ./Lua/lapi.o
                0x0000000008005c24                lua_len
 .text.lua_getallocf
                0x0000000008005c5a       0x30 ./Lua/lapi.o
                0x0000000008005c5a                lua_getallocf
 .text.lua_newuserdata
                0x0000000008005c8a       0x52 ./Lua/lapi.o
                0x0000000008005c8a                lua_newuserdata
 .text.aux_upvalue
                0x0000000008005cdc       0xdc ./Lua/lapi.o
 .text.lua_setupvalue
                0x0000000008005db8       0xd8 ./Lua/lapi.o
                0x0000000008005db8                lua_setupvalue
 .text.findfield
                0x0000000008005e90       0xd4 ./Lua/lauxlib.o
 .text.pushglobalfuncname
                0x0000000008005f64       0xbc ./Lua/lauxlib.o
 .text.luaL_argerror
                0x0000000008006020       0xcc ./Lua/lauxlib.o
                0x0000000008006020                luaL_argerror
 .text.typeerror
                0x00000000080060ec       0x84 ./Lua/lauxlib.o
 .text.tag_error
                0x0000000008006170       0x28 ./Lua/lauxlib.o
 .text.luaL_where
                0x0000000008006198       0x64 ./Lua/lauxlib.o
                0x0000000008006198                luaL_where
 .text.luaL_error
                0x00000000080061fc       0x40 ./Lua/lauxlib.o
                0x00000000080061fc                luaL_error
 .text.luaL_newmetatable
                0x000000000800623c       0x6c ./Lua/lauxlib.o
                0x000000000800623c                luaL_newmetatable
 .text.luaL_checkoption
                0x00000000080062a8       0x8c ./Lua/lauxlib.o
                0x00000000080062a8                luaL_checkoption
 .text.luaL_checkstack
                0x0000000008006334       0x44 ./Lua/lauxlib.o
                0x0000000008006334                luaL_checkstack
 .text.luaL_checktype
                0x0000000008006378       0x2e ./Lua/lauxlib.o
                0x0000000008006378                luaL_checktype
 *fill*         0x00000000080063a6        0x2 
 .text.luaL_checkany
                0x00000000080063a8       0x30 ./Lua/lauxlib.o
                0x00000000080063a8                luaL_checkany
 .text.luaL_checklstring
                0x00000000080063d8       0x32 ./Lua/lauxlib.o
                0x00000000080063d8                luaL_checklstring
 .text.luaL_optlstring
                0x000000000800640a       0x50 ./Lua/lauxlib.o
                0x000000000800640a                luaL_optlstring
 .text.luaL_checknumber
                0x000000000800645a       0x3c ./Lua/lauxlib.o
                0x000000000800645a                luaL_checknumber
 *fill*         0x0000000008006496        0x2 
 .text.interror
                0x0000000008006498       0x3c ./Lua/lauxlib.o
 .text.luaL_checkinteger
                0x00000000080064d4       0x32 ./Lua/lauxlib.o
                0x00000000080064d4                luaL_checkinteger
 .text.luaL_optinteger
                0x0000000008006506       0x30 ./Lua/lauxlib.o
                0x0000000008006506                luaL_optinteger
 *fill*         0x0000000008006536        0x2 
 .text.resizebox
                0x0000000008006538       0x70 ./Lua/lauxlib.o
 .text.boxgc    0x00000000080065a8       0x1c ./Lua/lauxlib.o
 .text.newbox   0x00000000080065c4       0x70 ./Lua/lauxlib.o
 .text.luaL_prepbuffsize
                0x0000000008006634       0xb8 ./Lua/lauxlib.o
                0x0000000008006634                luaL_prepbuffsize
 .text.luaL_addlstring
                0x00000000080066ec       0x3a ./Lua/lauxlib.o
                0x00000000080066ec                luaL_addlstring
 .text.luaL_addstring
                0x0000000008006726       0x24 ./Lua/lauxlib.o
                0x0000000008006726                luaL_addstring
 .text.luaL_pushresult
                0x000000000800674a       0x56 ./Lua/lauxlib.o
                0x000000000800674a                luaL_pushresult
 .text.luaL_pushresultsize
                0x00000000080067a0       0x24 ./Lua/lauxlib.o
                0x00000000080067a0                luaL_pushresultsize
 .text.luaL_addvalue
                0x00000000080067c4       0x78 ./Lua/lauxlib.o
                0x00000000080067c4                luaL_addvalue
 .text.luaL_buffinit
                0x000000000800683c       0x34 ./Lua/lauxlib.o
                0x000000000800683c                luaL_buffinit
 .text.luaL_buffinitsize
                0x0000000008006870       0x26 ./Lua/lauxlib.o
                0x0000000008006870                luaL_buffinitsize
 .text.getS     0x0000000008006896       0x3a ./Lua/lauxlib.o
 .text.luaL_loadbufferx
                0x00000000080068d0       0x38 ./Lua/lauxlib.o
                0x00000000080068d0                luaL_loadbufferx
 .text.luaL_getmetafield
                0x0000000008006908       0x66 ./Lua/lauxlib.o
                0x0000000008006908                luaL_getmetafield
 .text.luaL_callmeta
                0x000000000800696e       0x4c ./Lua/lauxlib.o
                0x000000000800696e                luaL_callmeta
 *fill*         0x00000000080069ba        0x2 
 .text.luaL_len
                0x00000000080069bc       0x4c ./Lua/lauxlib.o
                0x00000000080069bc                luaL_len
 .text.luaL_tolstring
                0x0000000008006a08      0x180 ./Lua/lauxlib.o
                0x0000000008006a08                luaL_tolstring
 .text.luaL_setfuncs
                0x0000000008006b88       0x80 ./Lua/lauxlib.o
                0x0000000008006b88                luaL_setfuncs
 .text.luaL_getsubtable
                0x0000000008006c08       0x5c ./Lua/lauxlib.o
                0x0000000008006c08                luaL_getsubtable
 .text.luaL_requiref
                0x0000000008006c64       0xb8 ./Lua/lauxlib.o
                0x0000000008006c64                luaL_requiref
 .text.l_alloc  0x0000000008006d1c       0x5c ./Lua/lauxlib.o
 .text.panic    0x0000000008006d78       0x58 ./Lua/lauxlib.o
 .text.luaL_newstate
                0x0000000008006dd0       0x30 ./Lua/lauxlib.o
                0x0000000008006dd0                luaL_newstate
 .text.luaB_print
                0x0000000008006e00       0xb4 ./Lua/lbaselib.o
 .text.b_str2int
                0x0000000008006eb4      0x108 ./Lua/lbaselib.o
 .text.luaB_tonumber
                0x0000000008006fbc       0xe4 ./Lua/lbaselib.o
 .text.luaB_error
                0x00000000080070a0       0x58 ./Lua/lbaselib.o
 .text.luaB_getmetatable
                0x00000000080070f8       0x40 ./Lua/lbaselib.o
 .text.luaB_setmetatable
                0x0000000008007138       0x78 ./Lua/lbaselib.o
 .text.luaB_rawequal
                0x00000000080071b0       0x36 ./Lua/lbaselib.o
 *fill*         0x00000000080071e6        0x2 
 .text.luaB_rawlen
                0x00000000080071e8       0x4c ./Lua/lbaselib.o
 .text.luaB_rawget
                0x0000000008007234       0x34 ./Lua/lbaselib.o
 .text.luaB_rawset
                0x0000000008007268       0x3c ./Lua/lbaselib.o
 .text.luaB_collectgarbage
                0x00000000080072a4       0xb8 ./Lua/lbaselib.o
 .text.luaB_type
                0x000000000800735c       0x48 ./Lua/lbaselib.o
 .text.pairsmeta
                0x00000000080073a4       0x72 ./Lua/lbaselib.o
 .text.luaB_next
                0x0000000008007416       0x3c ./Lua/lbaselib.o
 *fill*         0x0000000008007452        0x2 
 .text.luaB_pairs
                0x0000000008007454       0x28 ./Lua/lbaselib.o
 .text.ipairsaux
                0x000000000800747c       0x3c ./Lua/lbaselib.o
 .text.luaB_ipairs
                0x00000000080074b8       0x38 ./Lua/lbaselib.o
 .text.load_aux
                0x00000000080074f0       0x5c ./Lua/lbaselib.o
 .text.generic_reader
                0x000000000800754c       0x9c ./Lua/lbaselib.o
 .text.luaB_load
                0x00000000080075e8       0xb8 ./Lua/lbaselib.o
 .text.luaB_assert
                0x00000000080076a0       0x64 ./Lua/lbaselib.o
 .text.luaB_select
                0x0000000008007704       0x8c ./Lua/lbaselib.o
 .text.finishpcall
                0x0000000008007790       0x42 ./Lua/lbaselib.o
 *fill*         0x00000000080077d2        0x2 
 .text.luaB_pcall
                0x00000000080077d4       0x5c ./Lua/lbaselib.o
 .text.luaB_xpcall
                0x0000000008007830       0x68 ./Lua/lbaselib.o
 .text.luaB_tostring
                0x0000000008007898       0x24 ./Lua/lbaselib.o
 .text.luaopen_base
                0x00000000080078bc       0x64 ./Lua/lbaselib.o
                0x00000000080078bc                luaopen_base
 .text.tonumeral
                0x0000000008007920       0x6c ./Lua/lcode.o
 .text.luaK_nil
                0x000000000800798c       0xe0 ./Lua/lcode.o
                0x000000000800798c                luaK_nil
 .text.getjump  0x0000000008007a6c       0x46 ./Lua/lcode.o
 *fill*         0x0000000008007ab2        0x2 
 .text.fixjump  0x0000000008007ab4       0x64 ./Lua/lcode.o
 .text.luaK_concat
                0x0000000008007b18       0x58 ./Lua/lcode.o
                0x0000000008007b18                luaK_concat
 .text.luaK_jump
                0x0000000008007b70       0x44 ./Lua/lcode.o
                0x0000000008007b70                luaK_jump
 .text.luaK_ret
                0x0000000008007bb4       0x26 ./Lua/lcode.o
                0x0000000008007bb4                luaK_ret
 .text.condjump
                0x0000000008007bda       0x30 ./Lua/lcode.o
 .text.luaK_getlabel
                0x0000000008007c0a       0x20 ./Lua/lcode.o
                0x0000000008007c0a                luaK_getlabel
 *fill*         0x0000000008007c2a        0x2 
 .text.getjumpcontrol
                0x0000000008007c2c       0x4c ./Lua/lcode.o
 .text.patchtestreg
                0x0000000008007c78       0x7c ./Lua/lcode.o
 .text.removevalues
                0x0000000008007cf4       0x32 ./Lua/lcode.o
 .text.patchlistaux
                0x0000000008007d26       0x56 ./Lua/lcode.o
 .text.dischargejpc
                0x0000000008007d7c       0x2e ./Lua/lcode.o
 .text.luaK_patchtohere
                0x0000000008007daa       0x26 ./Lua/lcode.o
                0x0000000008007daa                luaK_patchtohere
 .text.luaK_patchlist
                0x0000000008007dd0       0x38 ./Lua/lcode.o
                0x0000000008007dd0                luaK_patchlist
 .text.luaK_patchclose
                0x0000000008007e08       0x5a ./Lua/lcode.o
                0x0000000008007e08                luaK_patchclose
 *fill*         0x0000000008007e62        0x2 
 .text.luaK_code
                0x0000000008007e64       0xb4 ./Lua/lcode.o
 .text.luaK_codeABC
                0x0000000008007f18       0x36 ./Lua/lcode.o
                0x0000000008007f18                luaK_codeABC
 .text.luaK_codeABx
                0x0000000008007f4e       0x30 ./Lua/lcode.o
                0x0000000008007f4e                luaK_codeABx
 .text.codeextraarg
                0x0000000008007f7e       0x24 ./Lua/lcode.o
 .text.luaK_codek
                0x0000000008007fa2       0x44 ./Lua/lcode.o
                0x0000000008007fa2                luaK_codek
 *fill*         0x0000000008007fe6        0x2 
 .text.luaK_checkstack
                0x0000000008007fe8       0x50 ./Lua/lcode.o
                0x0000000008007fe8                luaK_checkstack
 .text.luaK_reserveregs
                0x0000000008008038       0x2e ./Lua/lcode.o
                0x0000000008008038                luaK_reserveregs
 .text.freereg  0x0000000008008066       0x3e ./Lua/lcode.o
 .text.freeexp  0x00000000080080a4       0x26 ./Lua/lcode.o
 .text.freeexps
                0x00000000080080ca       0x66 ./Lua/lcode.o
 .text.addk     0x0000000008008130      0x148 ./Lua/lcode.o
 .text.luaK_stringK
                0x0000000008008278       0x44 ./Lua/lcode.o
                0x0000000008008278                luaK_stringK
 .text.luaK_intK
                0x00000000080082bc       0x48 ./Lua/lcode.o
                0x00000000080082bc                luaK_intK
 .text.luaK_numberK
                0x0000000008008304       0x38 ./Lua/lcode.o
 .text.boolK    0x000000000800833c       0x36 ./Lua/lcode.o
 .text.nilK     0x0000000008008372       0x40 ./Lua/lcode.o
 *fill*         0x00000000080083b2        0x2 
 .text.luaK_setreturns
                0x00000000080083b4       0xa4 ./Lua/lcode.o
                0x00000000080083b4                luaK_setreturns
 .text.luaK_setoneret
                0x0000000008008458       0x74 ./Lua/lcode.o
                0x0000000008008458                luaK_setoneret
 .text.luaK_dischargevars
                0x00000000080084cc       0xc8 ./Lua/lcode.o
                0x00000000080084cc                luaK_dischargevars
 .text.discharge2reg
                0x0000000008008594      0x128 ./Lua/lcode.o
 .text.discharge2anyreg
                0x00000000080086bc       0x34 ./Lua/lcode.o
 .text.code_loadbool
                0x00000000080086f0       0x2e ./Lua/lcode.o
 .text.need_value
                0x000000000800871e       0x46 ./Lua/lcode.o
 .text.exp2reg  0x0000000008008764       0xf8 ./Lua/lcode.o
 .text.luaK_exp2nextreg
                0x000000000800885c       0x3c ./Lua/lcode.o
                0x000000000800885c                luaK_exp2nextreg
 .text.luaK_exp2anyreg
                0x0000000008008898       0x62 ./Lua/lcode.o
                0x0000000008008898                luaK_exp2anyreg
 .text.luaK_exp2anyregup
                0x00000000080088fa       0x2e ./Lua/lcode.o
                0x00000000080088fa                luaK_exp2anyregup
 .text.luaK_exp2val
                0x0000000008008928       0x30 ./Lua/lcode.o
                0x0000000008008928                luaK_exp2val
 .text.luaK_exp2RK
                0x0000000008008958       0xc8 ./Lua/lcode.o
                0x0000000008008958                luaK_exp2RK
 .text.luaK_storevar
                0x0000000008008a20       0x9e ./Lua/lcode.o
                0x0000000008008a20                luaK_storevar
 .text.luaK_self
                0x0000000008008abe       0x68 ./Lua/lcode.o
                0x0000000008008abe                luaK_self
 .text.negatecondition
                0x0000000008008b26       0x40 ./Lua/lcode.o
 .text.jumponcond
                0x0000000008008b66       0x8c ./Lua/lcode.o
 .text.luaK_goiftrue
                0x0000000008008bf2       0x7e ./Lua/lcode.o
                0x0000000008008bf2                luaK_goiftrue
 .text.luaK_goiffalse
                0x0000000008008c70       0x70 ./Lua/lcode.o
                0x0000000008008c70                luaK_goiffalse
 .text.codenot  0x0000000008008ce0       0xd4 ./Lua/lcode.o
 .text.luaK_indexed
                0x0000000008008db4       0x46 ./Lua/lcode.o
                0x0000000008008db4                luaK_indexed
 *fill*         0x0000000008008dfa        0x2 
 .text.validop  0x0000000008008dfc       0xe0 ./Lua/lcode.o
 .text.constfolding
                0x0000000008008edc       0xba ./Lua/lcode.o
 .text.codeunexpval
                0x0000000008008f96       0x4e ./Lua/lcode.o
 .text.codebinexpval
                0x0000000008008fe4       0x5a ./Lua/lcode.o
 .text.codecomp
                0x000000000800903e       0xb0 ./Lua/lcode.o
 *fill*         0x00000000080090ee        0x2 
 .text.luaK_prefix
                0x00000000080090f0       0x6c ./Lua/lcode.o
                0x00000000080090f0                luaK_prefix
 .text.luaK_infix
                0x000000000800915c       0xbc ./Lua/lcode.o
                0x000000000800915c                luaK_infix
 .text.luaK_posfix
                0x0000000008009218      0x18c ./Lua/lcode.o
                0x0000000008009218                luaK_posfix
 .text.luaK_fixline
                0x00000000080093a4       0x2e ./Lua/lcode.o
                0x00000000080093a4                luaK_fixline
 *fill*         0x00000000080093d2        0x2 
 .text.luaK_setlist
                0x00000000080093d4       0x98 ./Lua/lcode.o
                0x00000000080093d4                luaK_setlist
 .text.currentpc
                0x000000000800946c       0x28 ./Lua/ldebug.o
 .text.currentline
                0x0000000008009494       0x3c ./Lua/ldebug.o
 .text.swapextra
                0x00000000080094d0       0x42 ./Lua/ldebug.o
 .text.lua_getstack
                0x0000000008009512       0x68 ./Lua/ldebug.o
                0x0000000008009512                lua_getstack
 *fill*         0x000000000800957a        0x2 
 .text.upvalname
                0x000000000800957c       0x38 ./Lua/ldebug.o
 .text.funcinfo
                0x00000000080095b4       0xa4 ./Lua/ldebug.o
 .text.collectvalidlines
                0x0000000008009658       0xaa ./Lua/ldebug.o
 *fill*         0x0000000008009702        0x2 
 .text.getfuncname
                0x0000000008009704       0x6c ./Lua/ldebug.o
 .text.auxgetinfo
                0x0000000008009770      0x1c0 ./Lua/ldebug.o
 .text.lua_getinfo
                0x0000000008009930       0xc0 ./Lua/ldebug.o
                0x0000000008009930                lua_getinfo
 .text.kname    0x00000000080099f0       0x74 ./Lua/ldebug.o
 .text.filterpc
                0x0000000008009a64       0x26 ./Lua/ldebug.o
 *fill*         0x0000000008009a8a        0x2 
 .text.findsetreg
                0x0000000008009a8c      0x1c4 ./Lua/ldebug.o
 .text.getobjname
                0x0000000008009c50      0x1d0 ./Lua/ldebug.o
 .text.funcnamefromcode
                0x0000000008009e20      0x1a4 ./Lua/ldebug.o
 .text.isinstack
                0x0000000008009fc4       0x52 ./Lua/ldebug.o
 *fill*         0x000000000800a016        0x2 
 .text.getupvalname
                0x000000000800a018       0x64 ./Lua/ldebug.o
 .text.varinfo  0x000000000800a07c       0x98 ./Lua/ldebug.o
 .text.luaG_typeerror
                0x000000000800a114       0x34 ./Lua/ldebug.o
                0x000000000800a114                luaG_typeerror
 .text.luaG_concaterror
                0x000000000800a148       0x38 ./Lua/ldebug.o
                0x000000000800a148                luaG_concaterror
 .text.luaG_opinterror
                0x000000000800a180       0x4a ./Lua/ldebug.o
                0x000000000800a180                luaG_opinterror
 *fill*         0x000000000800a1ca        0x2 
 .text.luaG_tointerror
                0x000000000800a1cc       0x58 ./Lua/ldebug.o
                0x000000000800a1cc                luaG_tointerror
 .text.luaG_ordererror
                0x000000000800a224       0x4c ./Lua/ldebug.o
                0x000000000800a224                luaG_ordererror
 .text.luaG_addinfo
                0x000000000800a270       0x50 ./Lua/ldebug.o
                0x000000000800a270                luaG_addinfo
 .text.luaG_errormsg
                0x000000000800a2c0       0x6a ./Lua/ldebug.o
                0x000000000800a2c0                luaG_errormsg
 .text.luaG_runerror
                0x000000000800a32a       0x50 ./Lua/ldebug.o
                0x000000000800a32a                luaG_runerror
 .text.luaG_traceexec
                0x000000000800a37a      0x154 ./Lua/ldebug.o
                0x000000000800a37a                luaG_traceexec
 *fill*         0x000000000800a4ce        0x2 
 .text.seterrorobj
                0x000000000800a4d0       0x94 ./Lua/ldo.o
 .text.luaD_throw
                0x000000000800a564       0xac ./Lua/ldo.o
                0x000000000800a564                luaD_throw
 .text.luaD_rawrunprotected
                0x000000000800a610       0x5c ./Lua/ldo.o
                0x000000000800a610                luaD_rawrunprotected
 .text.correctstack
                0x000000000800a66c       0xa6 ./Lua/ldo.o
 .text.luaD_reallocstack
                0x000000000800a712       0x88 ./Lua/ldo.o
                0x000000000800a712                luaD_reallocstack
 *fill*         0x000000000800a79a        0x2 
 .text.luaD_growstack
                0x000000000800a79c       0x84 ./Lua/ldo.o
                0x000000000800a79c                luaD_growstack
 .text.stackinuse
                0x000000000800a820       0x4a ./Lua/ldo.o
 .text.luaD_shrinkstack
                0x000000000800a86a       0x6e ./Lua/ldo.o
                0x000000000800a86a                luaD_shrinkstack
 .text.luaD_inctop
                0x000000000800a8d8       0x32 ./Lua/ldo.o
                0x000000000800a8d8                luaD_inctop
 .text.luaD_hook
                0x000000000800a90a       0xde ./Lua/ldo.o
                0x000000000800a90a                luaD_hook
 .text.callhook
                0x000000000800a9e8       0x6a ./Lua/ldo.o
 .text.adjust_varargs
                0x000000000800aa52       0x9c ./Lua/ldo.o
 *fill*         0x000000000800aaee        0x2 
 .text.tryfuncTM
                0x000000000800aaf0       0x7c ./Lua/ldo.o
 .text.moveresults
                0x000000000800ab6c      0x12c ./Lua/ldo.o
 .text.luaD_poscall
                0x000000000800ac98       0x80 ./Lua/ldo.o
                0x000000000800ac98                luaD_poscall
 .text.luaD_precall
                0x000000000800ad18      0x252 ./Lua/ldo.o
                0x000000000800ad18                luaD_precall
 *fill*         0x000000000800af6a        0x2 
 .text.stackerror
                0x000000000800af6c       0x38 ./Lua/ldo.o
 .text.luaD_call
                0x000000000800afa4       0x5a ./Lua/ldo.o
                0x000000000800afa4                luaD_call
 .text.luaD_callnoyield
                0x000000000800affe       0x3e ./Lua/ldo.o
                0x000000000800affe                luaD_callnoyield
 .text.luaD_pcall
                0x000000000800b03c       0x8e ./Lua/ldo.o
                0x000000000800b03c                luaD_pcall
 .text.f_parser
                0x000000000800b0ca       0x6c ./Lua/ldo.o
 *fill*         0x000000000800b136        0x2 
 .text.luaD_protectedparser
                0x000000000800b138       0xc8 ./Lua/ldo.o
                0x000000000800b138                luaD_protectedparser
 .text.luaF_newCclosure
                0x000000000800b200       0x34 ./Lua/lfunc.o
                0x000000000800b200                luaF_newCclosure
 .text.luaF_newLclosure
                0x000000000800b234       0x52 ./Lua/lfunc.o
                0x000000000800b234                luaF_newLclosure
 .text.luaF_initupvals
                0x000000000800b286       0x5e ./Lua/lfunc.o
                0x000000000800b286                luaF_initupvals
 .text.luaF_findupval
                0x000000000800b2e4       0x92 ./Lua/lfunc.o
                0x000000000800b2e4                luaF_findupval
 .text.luaF_close
                0x000000000800b376       0x8a ./Lua/lfunc.o
                0x000000000800b376                luaF_close
 .text.luaF_newproto
                0x000000000800b400       0x94 ./Lua/lfunc.o
                0x000000000800b400                luaF_newproto
 .text.luaF_freeproto
                0x000000000800b494       0x94 ./Lua/lfunc.o
                0x000000000800b494                luaF_freeproto
 .text.luaF_getlocalname
                0x000000000800b528       0x82 ./Lua/lfunc.o
                0x000000000800b528                luaF_getlocalname
 .text.removeentry
                0x000000000800b5aa       0x38 ./Lua/lgc.o
 .text.iscleared
                0x000000000800b5e2       0x56 ./Lua/lgc.o
 .text.luaC_barrier_
                0x000000000800b638       0x52 ./Lua/lgc.o
                0x000000000800b638                luaC_barrier_
 .text.luaC_barrierback_
                0x000000000800b68a       0x38 ./Lua/lgc.o
                0x000000000800b68a                luaC_barrierback_
 .text.luaC_upvalbarrier_
                0x000000000800b6c2       0x40 ./Lua/lgc.o
                0x000000000800b6c2                luaC_upvalbarrier_
 .text.luaC_fix
                0x000000000800b702       0x40 ./Lua/lgc.o
                0x000000000800b702                luaC_fix
 .text.luaC_newobj
                0x000000000800b742       0x54 ./Lua/lgc.o
                0x000000000800b742                luaC_newobj
 *fill*         0x000000000800b796        0x2 
 .text.reallymarkobject
                0x000000000800b798      0x1d4 ./Lua/lgc.o
 .text.markmt   0x000000000800b96c       0x5e ./Lua/lgc.o
 .text.markbeingfnz
                0x000000000800b9ca       0x3c ./Lua/lgc.o
 .text.remarkupvals
                0x000000000800ba06       0x9e ./Lua/lgc.o
 .text.restartcollection
                0x000000000800baa4       0x80 ./Lua/lgc.o
 .text.traverseweakvalue
                0x000000000800bb24       0xce ./Lua/lgc.o
 .text.traverseephemeron
                0x000000000800bbf2      0x154 ./Lua/lgc.o
 .text.traversestrongtable
                0x000000000800bd46       0xf2 ./Lua/lgc.o
 .text.traversetable
                0x000000000800be38      0x116 ./Lua/lgc.o
 .text.traverseproto
                0x000000000800bf4e      0x1da ./Lua/lgc.o
 .text.traverseCclosure
                0x000000000800c128       0x6e ./Lua/lgc.o
 .text.traverseLclosure
                0x000000000800c196       0xb2 ./Lua/lgc.o
 .text.traversethread
                0x000000000800c248       0xd0 ./Lua/lgc.o
 .text.propagatemark
                0x000000000800c318      0x164 ./Lua/lgc.o
 .text.propagateall
                0x000000000800c47c       0x22 ./Lua/lgc.o
 .text.convergeephemerons
                0x000000000800c49e       0x54 ./Lua/lgc.o
 .text.clearkeys
                0x000000000800c4f2       0x78 ./Lua/lgc.o
 .text.clearvalues
                0x000000000800c56a       0xac ./Lua/lgc.o
 .text.luaC_upvdeccount
                0x000000000800c616       0x3c ./Lua/lgc.o
                0x000000000800c616                luaC_upvdeccount
 .text.freeLclosure
                0x000000000800c652       0x5a ./Lua/lgc.o
 .text.freeobj  0x000000000800c6ac      0x140 ./Lua/lgc.o
 .text.sweeplist
                0x000000000800c7ec       0x9e ./Lua/lgc.o
 .text.sweeptolive
                0x000000000800c88a       0x2c ./Lua/lgc.o
 .text.checkSizes
                0x000000000800c8b6       0x5a ./Lua/lgc.o
 .text.udata2finalize
                0x000000000800c910       0x78 ./Lua/lgc.o
 .text.dothecall
                0x000000000800c988       0x22 ./Lua/lgc.o
 *fill*         0x000000000800c9aa        0x2 
 .text.GCTM     0x000000000800c9ac      0x164 ./Lua/lgc.o
 .text.runafewfinalizers
                0x000000000800cb10       0x54 ./Lua/lgc.o
 .text.callallpendingfinalizers
                0x000000000800cb64       0x2a ./Lua/lgc.o
 .text.findlast
                0x000000000800cb8e       0x26 ./Lua/lgc.o
 .text.separatetobefnz
                0x000000000800cbb4       0x66 ./Lua/lgc.o
 .text.luaC_checkfinalizer
                0x000000000800cc1a       0xe0 ./Lua/lgc.o
                0x000000000800cc1a                luaC_checkfinalizer
 *fill*         0x000000000800ccfa        0x2 
 .text.setpause
                0x000000000800ccfc       0x60 ./Lua/lgc.o
 .text.entersweep
                0x000000000800cd5c       0x32 ./Lua/lgc.o
 .text.luaC_freeallobjects
                0x000000000800cd8e       0x64 ./Lua/lgc.o
                0x000000000800cd8e                luaC_freeallobjects
 .text.atomic   0x000000000800cdf2      0x14a ./Lua/lgc.o
 .text.sweepstep
                0x000000000800cf3c       0x6a ./Lua/lgc.o
 *fill*         0x000000000800cfa6        0x2 
 .text.singlestep
                0x000000000800cfa8      0x154 ./Lua/lgc.o
 .text.luaC_runtilstate
                0x000000000800d0fc       0x36 ./Lua/lgc.o
                0x000000000800d0fc                luaC_runtilstate
 *fill*         0x000000000800d132        0x2 
 .text.getdebt  0x000000000800d134       0x64 ./Lua/lgc.o
 .text.luaC_step
                0x000000000800d198       0x88 ./Lua/lgc.o
                0x000000000800d198                luaC_step
 .text.luaC_fullgc
                0x000000000800d220       0x66 ./Lua/lgc.o
                0x000000000800d220                luaC_fullgc
 *fill*         0x000000000800d286        0x2 
 .text.luaL_openlibs
                0x000000000800d288       0x44 ./Lua/linit.o
                0x000000000800d288                luaL_openlibs
 .text.save     0x000000000800d2cc       0x7c ./Lua/llex.o
 .text.luaX_init
                0x000000000800d348       0x6c ./Lua/llex.o
                0x000000000800d348                luaX_init
 .text.luaX_token2str
                0x000000000800d3b4       0x64 ./Lua/llex.o
                0x000000000800d3b4                luaX_token2str
 .text.txtToken
                0x000000000800d418       0x48 ./Lua/llex.o
 .text.lexerror
                0x000000000800d460       0x50 ./Lua/llex.o
 .text.luaX_syntaxerror
                0x000000000800d4b0       0x18 ./Lua/llex.o
                0x000000000800d4b0                luaX_syntaxerror
 .text.luaX_newstring
                0x000000000800d4c8       0xa2 ./Lua/llex.o
                0x000000000800d4c8                luaX_newstring
 *fill*         0x000000000800d56a        0x2 
 .text.inclinenumber
                0x000000000800d56c       0xb0 ./Lua/llex.o
 .text.luaX_setinput
                0x000000000800d61c       0x88 ./Lua/llex.o
                0x000000000800d61c                luaX_setinput
 .text.check_next1
                0x000000000800d6a4       0x50 ./Lua/llex.o
 .text.check_next2
                0x000000000800d6f4       0x6c ./Lua/llex.o
 .text.read_numeral
                0x000000000800d760      0x178 ./Lua/llex.o
 .text.skip_sep
                0x000000000800d8d8       0xb0 ./Lua/llex.o
 .text.read_long_string
                0x000000000800d988      0x1d4 ./Lua/llex.o
 .text.esccheck
                0x000000000800db5c       0x6a ./Lua/llex.o
 *fill*         0x000000000800dbc6        0x2 
 .text.gethexa  0x000000000800dbc8       0x78 ./Lua/llex.o
 .text.readhexaesc
                0x000000000800dc40       0x38 ./Lua/llex.o
 .text.readutf8esc
                0x000000000800dc78      0x158 ./Lua/llex.o
 .text.utf8esc  0x000000000800ddd0       0x4c ./Lua/llex.o
 .text.readdecesc
                0x000000000800de1c       0xb8 ./Lua/llex.o
 .text.read_string
                0x000000000800ded4      0x4c8 ./Lua/llex.o
 .text.llex     0x000000000800e39c      0x690 ./Lua/llex.o
 .text.luaX_next
                0x000000000800ea2c       0x50 ./Lua/llex.o
                0x000000000800ea2c                luaX_next
 .text.luaX_lookahead
                0x000000000800ea7c       0x26 ./Lua/llex.o
                0x000000000800ea7c                luaX_lookahead
 *fill*         0x000000000800eaa2        0x2 
 .text.luaM_growaux_
                0x000000000800eaa4       0xa0 ./Lua/lmem.o
                0x000000000800eaa4                luaM_growaux_
 .text.luaM_toobig
                0x000000000800eb44       0x14 ./Lua/lmem.o
                0x000000000800eb44                luaM_toobig
 .text.luaM_realloc_
                0x000000000800eb58       0x8e ./Lua/lmem.o
                0x000000000800eb58                luaM_realloc_
 .text.luaO_int2fb
                0x000000000800ebe6       0x58 ./Lua/lobject.o
                0x000000000800ebe6                luaO_int2fb
 .text.luaO_fb2int
                0x000000000800ec3e       0x32 ./Lua/lobject.o
                0x000000000800ec3e                luaO_fb2int
 .text.luaO_ceillog2
                0x000000000800ec70       0x44 ./Lua/lobject.o
                0x000000000800ec70                luaO_ceillog2
 .text.intarith
                0x000000000800ecb4       0xd4 ./Lua/lobject.o
 .text.numarith
                0x000000000800ed88      0x110 ./Lua/lobject.o
 .text.luaO_arith
                0x000000000800ee98      0x1cc ./Lua/lobject.o
                0x000000000800ee98                luaO_arith
 .text.luaO_hexavalue
                0x000000000800f064       0x38 ./Lua/lobject.o
                0x000000000800f064                luaO_hexavalue
 .text.isneg    0x000000000800f09c       0x42 ./Lua/lobject.o
 *fill*         0x000000000800f0de        0x2 
 .text.l_str2dloc
                0x000000000800f0e0       0x78 ./Lua/lobject.o
 .text.l_str2d  0x000000000800f158       0xd8 ./Lua/lobject.o
 .text.l_str2int
                0x000000000800f230      0x130 ./Lua/lobject.o
 .text.luaO_str2num
                0x000000000800f360       0x6a ./Lua/lobject.o
                0x000000000800f360                luaO_str2num
 .text.luaO_utf8esc
                0x000000000800f3ca       0x8a ./Lua/lobject.o
                0x000000000800f3ca                luaO_utf8esc
 .text.luaO_tostring
                0x000000000800f454       0xc4 ./Lua/lobject.o
                0x000000000800f454                luaO_tostring
 .text.pushstr  0x000000000800f518       0x42 ./Lua/lobject.o
 *fill*         0x000000000800f55a        0x2 
 .text.luaO_pushvfstring
                0x000000000800f55c      0x2ac ./Lua/lobject.o
                0x000000000800f55c                luaO_pushvfstring
 .text.luaO_pushfstring
                0x000000000800f808       0x2c ./Lua/lobject.o
                0x000000000800f808                luaO_pushfstring
 .text.luaO_chunkid
                0x000000000800f834      0x140 ./Lua/lobject.o
                0x000000000800f834                luaO_chunkid
 .text.semerror
                0x000000000800f974       0x18 ./Lua/lparser.o
 .text.error_expected
                0x000000000800f98c       0x30 ./Lua/lparser.o
 .text.errorlimit
                0x000000000800f9bc       0x60 ./Lua/lparser.o
 .text.checklimit
                0x000000000800fa1c       0x28 ./Lua/lparser.o
 .text.testnext
                0x000000000800fa44       0x28 ./Lua/lparser.o
 .text.check    0x000000000800fa6c       0x24 ./Lua/lparser.o
 .text.checknext
                0x000000000800fa90       0x20 ./Lua/lparser.o
 .text.check_match
                0x000000000800fab0       0x6c ./Lua/lparser.o
 .text.str_checkname
                0x000000000800fb1c       0x28 ./Lua/lparser.o
 .text.init_exp
                0x000000000800fb44       0x36 ./Lua/lparser.o
 .text.codestring
                0x000000000800fb7a       0x2c ./Lua/lparser.o
 .text.checkname
                0x000000000800fba6       0x24 ./Lua/lparser.o
 *fill*         0x000000000800fbca        0x2 
 .text.registerlocalvar
                0x000000000800fbcc       0xd8 ./Lua/lparser.o
 .text.new_localvar
                0x000000000800fca4       0x8c ./Lua/lparser.o
 .text.new_localvarliteral_
                0x000000000800fd30       0x28 ./Lua/lparser.o
 .text.getlocvar
                0x000000000800fd58       0x42 ./Lua/lparser.o
 .text.adjustlocalvars
                0x000000000800fd9a       0x58 ./Lua/lparser.o
 .text.removevars
                0x000000000800fdf2       0x68 ./Lua/lparser.o
 .text.searchupvalue
                0x000000000800fe5a       0x50 ./Lua/lparser.o
 *fill*         0x000000000800feaa        0x2 
 .text.newupvalue
                0x000000000800feac      0x108 ./Lua/lparser.o
 .text.searchvar
                0x000000000800ffb4       0x44 ./Lua/lparser.o
 .text.markupval
                0x000000000800fff8       0x36 ./Lua/lparser.o
 .text.singlevaraux
                0x000000000801002e       0x90 ./Lua/lparser.o
 .text.singlevar
                0x00000000080100be       0x5e ./Lua/lparser.o
 .text.adjust_assign
                0x000000000801011c       0xba ./Lua/lparser.o
 *fill*         0x00000000080101d6        0x2 
 .text.enterlevel
                0x00000000080101d8       0x40 ./Lua/lparser.o
 .text.closegoto
                0x0000000008010218       0xcc ./Lua/lparser.o
 .text.findlabel
                0x00000000080102e4       0x9e ./Lua/lparser.o
 *fill*         0x0000000008010382        0x2 
 .text.newlabelentry
                0x0000000008010384       0x98 ./Lua/lparser.o
 .text.findgotos
                0x000000000801041c       0x58 ./Lua/lparser.o
 .text.movegotosout
                0x0000000008010474       0x80 ./Lua/lparser.o
 .text.enterblock
                0x00000000080104f4       0x56 ./Lua/lparser.o
 *fill*         0x000000000801054a        0x2 
 .text.breaklabel
                0x000000000801054c       0x54 ./Lua/lparser.o
 .text.undefgoto
                0x00000000080105a0       0x50 ./Lua/lparser.o
 .text.leaveblock
                0x00000000080105f0       0xb8 ./Lua/lparser.o
 .text.addprototype
                0x00000000080106a8       0xcc ./Lua/lparser.o
 .text.codeclosure
                0x0000000008010774       0x3e ./Lua/lparser.o
 .text.open_func
                0x00000000080107b2       0x94 ./Lua/lparser.o
 .text.close_func
                0x0000000008010846      0x18a ./Lua/lparser.o
 .text.block_follow
                0x00000000080109d0       0x4a ./Lua/lparser.o
 .text.statlist
                0x0000000008010a1a       0x36 ./Lua/lparser.o
 .text.fieldsel
                0x0000000008010a50       0x40 ./Lua/lparser.o
 .text.yindex   0x0000000008010a90       0x34 ./Lua/lparser.o
 .text.recfield
                0x0000000008010ac4       0xb4 ./Lua/lparser.o
 .text.closelistfield
                0x0000000008010b78       0x4e ./Lua/lparser.o
 .text.lastlistfield
                0x0000000008010bc6       0x80 ./Lua/lparser.o
 *fill*         0x0000000008010c46        0x2 
 .text.listfield
                0x0000000008010c48       0x48 ./Lua/lparser.o
 .text.field    0x0000000008010c90       0x54 ./Lua/lparser.o
 .text.constructor
                0x0000000008010ce4      0x12c ./Lua/lparser.o
 .text.parlist  0x0000000008010e10       0xa8 ./Lua/lparser.o
 .text.body     0x0000000008010eb8       0x94 ./Lua/lparser.o
 .text.explist  0x0000000008010f4c       0x4a ./Lua/lparser.o
 *fill*         0x0000000008010f96        0x2 
 .text.funcargs
                0x0000000008010f98      0x118 ./Lua/lparser.o
 .text.primaryexp
                0x00000000080110b0       0x64 ./Lua/lparser.o
 .text.suffixedexp
                0x0000000008011114       0xc8 ./Lua/lparser.o
 .text.simpleexp
                0x00000000080111dc      0x184 ./Lua/lparser.o
 .text.getunopr
                0x0000000008011360       0x52 ./Lua/lparser.o
 *fill*         0x00000000080113b2        0x2 
 .text.getbinopr
                0x00000000080113b4      0x22c ./Lua/lparser.o
 .text.subexpr  0x00000000080115e0      0x104 ./Lua/lparser.o
 .text.expr     0x00000000080116e4       0x1c ./Lua/lparser.o
 .text.block    0x0000000008011700       0x30 ./Lua/lparser.o
 .text.check_conflict
                0x0000000008011730       0xbc ./Lua/lparser.o
 .text.assignment
                0x00000000080117ec      0x110 ./Lua/lparser.o
 .text.cond     0x00000000080118fc       0x38 ./Lua/lparser.o
 .text.gotostat
                0x0000000008011934       0x6c ./Lua/lparser.o
 .text.checkrepeated
                0x00000000080119a0       0x74 ./Lua/lparser.o
 .text.skipnoopstat
                0x0000000008011a14       0x2c ./Lua/lparser.o
 .text.labelstat
                0x0000000008011a40       0x86 ./Lua/lparser.o
 .text.whilestat
                0x0000000008011ac6       0x7c ./Lua/lparser.o
 .text.repeatstat
                0x0000000008011b42       0x88 ./Lua/lparser.o
 .text.exp1     0x0000000008011bca       0x32 ./Lua/lparser.o
 .text.forbody  0x0000000008011bfc       0xd8 ./Lua/lparser.o
 .text.fornum   0x0000000008011cd4       0xbc ./Lua/lparser.o
 .text.forlist  0x0000000008011d90       0xc0 ./Lua/lparser.o
 .text.forstat  0x0000000008011e50       0x84 ./Lua/lparser.o
 .text.test_then_block
                0x0000000008011ed4       0xf2 ./Lua/lparser.o
 .text.ifstat   0x0000000008011fc6       0x74 ./Lua/lparser.o
 .text.localfunc
                0x000000000801203a       0x50 ./Lua/lparser.o
 .text.localstat
                0x000000000801208a       0x74 ./Lua/lparser.o
 .text.funcname
                0x00000000080120fe       0x46 ./Lua/lparser.o
 .text.funcstat
                0x0000000008012144       0x52 ./Lua/lparser.o
 *fill*         0x0000000008012196        0x2 
 .text.exprstat
                0x0000000008012198       0x84 ./Lua/lparser.o
 .text.retstat  0x000000000801221c       0xdc ./Lua/lparser.o
 .text.statement
                0x00000000080122f8      0x1ac ./Lua/lparser.o
 .text.mainfunc
                0x00000000080124a4       0x62 ./Lua/lparser.o
 .text.luaY_parser
                0x0000000008012506       0xf2 ./Lua/lparser.o
                0x0000000008012506                luaY_parser
 .text.makeseed
                0x00000000080125f8       0x94 ./Lua/lstate.o
 .text.luaE_setdebt
                0x000000000801268c       0x4a ./Lua/lstate.o
                0x000000000801268c                luaE_setdebt
 .text.luaE_extendCI
                0x00000000080126d6       0x42 ./Lua/lstate.o
                0x00000000080126d6                luaE_extendCI
 .text.luaE_freeCI
                0x0000000008012718       0x4e ./Lua/lstate.o
                0x0000000008012718                luaE_freeCI
 .text.luaE_shrinkCI
                0x0000000008012766       0x58 ./Lua/lstate.o
                0x0000000008012766                luaE_shrinkCI
 .text.stack_init
                0x00000000080127be       0xae ./Lua/lstate.o
 .text.freestack
                0x000000000801286c       0x3c ./Lua/lstate.o
 .text.init_registry
                0x00000000080128a8       0x88 ./Lua/lstate.o
 .text.f_luaopen
                0x0000000008012930       0x4e ./Lua/lstate.o
 .text.preinit_thread
                0x000000000801297e       0x84 ./Lua/lstate.o
 .text.close_state
                0x0000000008012a02       0x58 ./Lua/lstate.o
 .text.luaE_freethread
                0x0000000008012a5a       0x36 ./Lua/lstate.o
                0x0000000008012a5a                luaE_freethread
 .text.lua_newstate
                0x0000000008012a90      0x174 ./Lua/lstate.o
                0x0000000008012a90                lua_newstate
 .text.luaS_eqlngstr
                0x0000000008012c04       0x48 ./Lua/lstring.o
                0x0000000008012c04                luaS_eqlngstr
 .text.luaS_hash
                0x0000000008012c4c       0x58 ./Lua/lstring.o
                0x0000000008012c4c                luaS_hash
 .text.luaS_hashlongstr
                0x0000000008012ca4       0x3c ./Lua/lstring.o
                0x0000000008012ca4                luaS_hashlongstr
 .text.luaS_resize
                0x0000000008012ce0      0x11a ./Lua/lstring.o
                0x0000000008012ce0                luaS_resize
 .text.luaS_clearcache
                0x0000000008012dfa       0x68 ./Lua/lstring.o
                0x0000000008012dfa                luaS_clearcache
 *fill*         0x0000000008012e62        0x2 
 .text.luaS_init
                0x0000000008012e64       0x78 ./Lua/lstring.o
                0x0000000008012e64                luaS_init
 .text.createstrobj
                0x0000000008012edc       0x46 ./Lua/lstring.o
 .text.luaS_createlngstrobj
                0x0000000008012f22       0x2c ./Lua/lstring.o
                0x0000000008012f22                luaS_createlngstrobj
 .text.luaS_remove
                0x0000000008012f4e       0x5c ./Lua/lstring.o
                0x0000000008012f4e                luaS_remove
 .text.internshrstr
                0x0000000008012faa      0x11c ./Lua/lstring.o
 *fill*         0x00000000080130c6        0x2 
 .text.luaS_newlstr
                0x00000000080130c8       0x54 ./Lua/lstring.o
                0x00000000080130c8                luaS_newlstr
 .text.luaS_new
                0x000000000801311c       0xc0 ./Lua/lstring.o
                0x000000000801311c                luaS_new
 .text.luaS_newudata
                0x00000000080131dc       0x64 ./Lua/lstring.o
                0x00000000080131dc                luaS_newudata
 .text.str_len  0x0000000008013240       0x2a ./Lua/lstrlib.o
 .text.posrelat
                0x000000000801326a       0x36 ./Lua/lstrlib.o
 .text.str_sub  0x00000000080132a0       0x98 ./Lua/lstrlib.o
 .text.str_reverse
                0x0000000008013338       0x9c ./Lua/lstrlib.o
 .text.str_lower
                0x00000000080133d4       0xc0 ./Lua/lstrlib.o
 .text.str_upper
                0x0000000008013494       0xc0 ./Lua/lstrlib.o
 .text.str_rep  0x0000000008013554      0x178 ./Lua/lstrlib.o
 .text.str_byte
                0x00000000080136cc       0xd4 ./Lua/lstrlib.o
 .text.str_char
                0x00000000080137a0       0xcc ./Lua/lstrlib.o
 .text.check_capture
                0x000000000801386c       0x58 ./Lua/lstrlib.o
 .text.capture_to_close
                0x00000000080138c4       0x54 ./Lua/lstrlib.o
 .text.classend
                0x0000000008013918       0x98 ./Lua/lstrlib.o
 .text.match_class
                0x00000000080139b0      0x1bc ./Lua/lstrlib.o
 .text.matchbracketclass
                0x0000000008013b6c       0xb4 ./Lua/lstrlib.o
 .text.singlematch
                0x0000000008013c20       0x78 ./Lua/lstrlib.o
 .text.matchbalance
                0x0000000008013c98       0x98 ./Lua/lstrlib.o
 .text.max_expand
                0x0000000008013d30       0x66 ./Lua/lstrlib.o
 .text.min_expand
                0x0000000008013d96       0x4c ./Lua/lstrlib.o
 *fill*         0x0000000008013de2        0x2 
 .text.start_capture
                0x0000000008013de4       0x78 ./Lua/lstrlib.o
 .text.end_capture
                0x0000000008013e5c       0x5a ./Lua/lstrlib.o
 .text.match_capture
                0x0000000008013eb6       0x60 ./Lua/lstrlib.o
 *fill*         0x0000000008013f16        0x2 
 .text.match    0x0000000008013f18      0x2c0 ./Lua/lstrlib.o
 .text.lmemfind
                0x00000000080141d8       0x8c ./Lua/lstrlib.o
 .text.push_onecapture
                0x0000000008014264       0xb4 ./Lua/lstrlib.o
 .text.push_captures
                0x0000000008014318       0x60 ./Lua/lstrlib.o
 .text.nospecials
                0x0000000008014378       0x54 ./Lua/lstrlib.o
 .text.prepstate
                0x00000000080143cc       0x40 ./Lua/lstrlib.o
 .text.reprepstate
                0x000000000801440c       0x1a ./Lua/lstrlib.o
 .text.str_find_aux
                0x0000000008014426      0x288 ./Lua/lstrlib.o
 .text.str_find
                0x00000000080146ae       0x1a ./Lua/lstrlib.o
 .text.str_match
                0x00000000080146c8       0x1a ./Lua/lstrlib.o
 *fill*         0x00000000080146e2        0x2 
 .text.gmatch_aux
                0x00000000080146e4       0x8c ./Lua/lstrlib.o
 .text.gmatch   0x0000000008014770       0x80 ./Lua/lstrlib.o
 .text.add_s    0x00000000080147f0      0x154 ./Lua/lstrlib.o
 .text.add_value
                0x0000000008014944       0xd8 ./Lua/lstrlib.o
 .text.str_gsub
                0x0000000008014a1c      0x260 ./Lua/lstrlib.o
 .text.addquoted
                0x0000000008014c7c      0x188 ./Lua/lstrlib.o
 .text.checkdp  0x0000000008014e04       0x42 ./Lua/lstrlib.o
 *fill*         0x0000000008014e46        0x2 
 .text.addliteral
                0x0000000008014e48      0x104 ./Lua/lstrlib.o
 .text.scanformat
                0x0000000008014f4c      0x120 ./Lua/lstrlib.o
 .text.addlenmod
                0x000000000801506c       0x5c ./Lua/lstrlib.o
 .text.str_format
                0x00000000080150c8      0x4d8 ./Lua/lstrlib.o
 .text.digit    0x00000000080155a0       0x26 ./Lua/lstrlib.o
 *fill*         0x00000000080155c6        0x2 
 .text.getnum   0x00000000080155c8       0x6c ./Lua/lstrlib.o
 .text.getnumlimit
                0x0000000008015634       0x40 ./Lua/lstrlib.o
 .text.initheader
                0x0000000008015674       0x2a ./Lua/lstrlib.o
 *fill*         0x000000000801569e        0x2 
 .text.getoption
                0x00000000080156a0      0x2dc ./Lua/lstrlib.o
 .text.getdetails
                0x000000000801597c       0xc4 ./Lua/lstrlib.o
 .text.packint  0x0000000008015a40       0xb8 ./Lua/lstrlib.o
 .text.copywithendian
                0x0000000008015af8       0x6c ./Lua/lstrlib.o
 .text.str_pack
                0x0000000008015b64      0x62c ./Lua/lstrlib.o
 .text.str_packsize
                0x0000000008016190       0xb4 ./Lua/lstrlib.o
 .text.unpackint
                0x0000000008016244       0xe4 ./Lua/lstrlib.o
 .text.str_unpack
                0x0000000008016328      0x24c ./Lua/lstrlib.o
 .text.createmetatable
                0x0000000008016574       0x68 ./Lua/lstrlib.o
 .text.luaopen_string
                0x00000000080165dc       0x30 ./Lua/lstrlib.o
                0x00000000080165dc                luaopen_string
 .text.l_hashfloat
                0x000000000801660c       0xa8 ./Lua/ltable.o
 .text.mainposition
                0x00000000080166b4      0x1dc ./Lua/ltable.o
 .text.arrayindex
                0x0000000008016890       0x36 ./Lua/ltable.o
 *fill*         0x00000000080168c6        0x2 
 .text.findindex
                0x00000000080168c8       0xcc ./Lua/ltable.o
 .text.luaH_next
                0x0000000008016994       0xf6 ./Lua/ltable.o
                0x0000000008016994                luaH_next
 .text.computesizes
                0x0000000008016a8a       0x7c ./Lua/ltable.o
 .text.countint
                0x0000000008016b06       0x3a ./Lua/ltable.o
 .text.numusearray
                0x0000000008016b40       0xac ./Lua/ltable.o
 .text.numusehash
                0x0000000008016bec       0x76 ./Lua/ltable.o
 .text.setarrayvector
                0x0000000008016c62       0x68 ./Lua/ltable.o
 *fill*         0x0000000008016cca        0x2 
 .text.setnodevector
                0x0000000008016ccc       0xd8 ./Lua/ltable.o
 .text.luaH_resize
                0x0000000008016da4      0x130 ./Lua/ltable.o
                0x0000000008016da4                luaH_resize
 .text.luaH_resizearray
                0x0000000008016ed4       0x38 ./Lua/ltable.o
                0x0000000008016ed4                luaH_resizearray
 .text.rehash   0x0000000008016f0c       0xc2 ./Lua/ltable.o
 .text.luaH_new
                0x0000000008016fce       0x44 ./Lua/ltable.o
                0x0000000008016fce                luaH_new
 .text.luaH_free
                0x0000000008017012       0x50 ./Lua/ltable.o
                0x0000000008017012                luaH_free
 .text.getfreepos
                0x0000000008017062       0x4a ./Lua/ltable.o
 .text.luaH_newkey
                0x00000000080170ac      0x1f0 ./Lua/ltable.o
                0x00000000080170ac                luaH_newkey
 .text.luaH_getint
                0x000000000801729c       0x98 ./Lua/ltable.o
                0x000000000801729c                luaH_getint
 .text.luaH_getshortstr
                0x0000000008017334       0x80 ./Lua/ltable.o
                0x0000000008017334                luaH_getshortstr
 .text.getgeneric
                0x00000000080173b4       0x5c ./Lua/ltable.o
 .text.luaH_getstr
                0x0000000008017410       0x54 ./Lua/ltable.o
                0x0000000008017410                luaH_getstr
 .text.luaH_get
                0x0000000008017464       0xc8 ./Lua/ltable.o
                0x0000000008017464                luaH_get
 .text.luaH_set
                0x000000000801752c       0x3c ./Lua/ltable.o
                0x000000000801752c                luaH_set
 .text.luaH_setint
                0x0000000008017568       0x60 ./Lua/ltable.o
                0x0000000008017568                luaH_setint
 .text.unbound_search
                0x00000000080175c8       0x9a ./Lua/ltable.o
 .text.luaH_getn
                0x0000000008017662       0x86 ./Lua/ltable.o
                0x0000000008017662                luaH_getn
 .text.checkfield
                0x00000000080176e8       0x34 ./Lua/ltablib.o
 .text.checktab
                0x000000000801771c       0xb8 ./Lua/ltablib.o
 .text.tinsert  0x00000000080177d4       0xb4 ./Lua/ltablib.o
 .text.tremove  0x0000000008017888       0xa0 ./Lua/ltablib.o
 .text.tmove    0x0000000008017928      0x150 ./Lua/ltablib.o
 .text.addfield
                0x0000000008017a78       0x58 ./Lua/ltablib.o
 .text.tconcat  0x0000000008017ad0      0x114 ./Lua/ltablib.o
 .text.pack     0x0000000008017be4       0x60 ./Lua/ltablib.o
 .text.unpack   0x0000000008017c44       0xac ./Lua/ltablib.o
 .text.getRandomNumber
                0x0000000008017cf0       0x3c ./Lua/ltablib.o
 .text.l_randomizePivot
                0x0000000008017d2c       0x54 ./Lua/ltablib.o
 .text.set2     0x0000000008017d80       0x2c ./Lua/ltablib.o
 .text.sort_comp
                0x0000000008017dac       0x7a ./Lua/ltablib.o
 *fill*         0x0000000008017e26        0x2 
 .text.partition
                0x0000000008017e28       0xd8 ./Lua/ltablib.o
 .text.choosePivot
                0x0000000008017f00       0x3e ./Lua/ltablib.o
 .text.auxsort  0x0000000008017f3e      0x1bc ./Lua/ltablib.o
 *fill*         0x00000000080180fa        0x2 
 .text.sort     0x00000000080180fc       0x74 ./Lua/ltablib.o
 .text.luaopen_table
                0x0000000008018170       0x44 ./Lua/ltablib.o
                0x0000000008018170                luaopen_table
 .text.luaT_init
                0x00000000080181b4       0x60 ./Lua/ltm.o
                0x00000000080181b4                luaT_init
 .text.luaT_gettm
                0x0000000008018214       0x44 ./Lua/ltm.o
                0x0000000008018214                luaT_gettm
 .text.luaT_gettmbyobj
                0x0000000008018258       0x78 ./Lua/ltm.o
                0x0000000008018258                luaT_gettmbyobj
 .text.luaT_objtypename
                0x00000000080182d0       0x80 ./Lua/ltm.o
                0x00000000080182d0                luaT_objtypename
 .text.luaT_callTM
                0x0000000008018350       0xd8 ./Lua/ltm.o
                0x0000000008018350                luaT_callTM
 .text.luaT_callbinTM
                0x0000000008018428       0x60 ./Lua/ltm.o
                0x0000000008018428                luaT_callbinTM
 .text.luaT_trybinTM
                0x0000000008018488       0xc4 ./Lua/ltm.o
                0x0000000008018488                luaT_trybinTM
 .text.luaT_callorderTM
                0x000000000801854c       0x5a ./Lua/ltm.o
                0x000000000801854c                luaT_callorderTM
 .text.luaV_tonumber_
                0x00000000080185a6       0x92 ./Lua/lvm.o
                0x00000000080185a6                luaV_tonumber_
 .text.luaV_tointeger
                0x0000000008018638      0x104 ./Lua/lvm.o
                0x0000000008018638                luaV_tointeger
 .text.forlimit
                0x000000000801873c       0xa4 ./Lua/lvm.o
 .text.luaV_finishget
                0x00000000080187e0      0x10c ./Lua/lvm.o
                0x00000000080187e0                luaV_finishget
 .text.luaV_finishset
                0x00000000080188ec      0x198 ./Lua/lvm.o
                0x00000000080188ec                luaV_finishset
 .text.l_strcmp
                0x0000000008018a84       0xb0 ./Lua/lvm.o
 .text.LTintfloat
                0x0000000008018b34       0x94 ./Lua/lvm.o
 .text.LEintfloat
                0x0000000008018bc8       0x94 ./Lua/lvm.o
 .text.LTnum    0x0000000008018c5c       0xa8 ./Lua/lvm.o
 .text.LEnum    0x0000000008018d04       0xa8 ./Lua/lvm.o
 .text.luaV_lessthan
                0x0000000008018dac       0x8a ./Lua/lvm.o
                0x0000000008018dac                luaV_lessthan
 .text.luaV_lessequal
                0x0000000008018e36       0xd6 ./Lua/lvm.o
                0x0000000008018e36                luaV_lessequal
 .text.luaV_equalobj
                0x0000000008018f0c      0x340 ./Lua/lvm.o
                0x0000000008018f0c                luaV_equalobj