../Lua/lapi.c:55:16:index2addr	32	static
../Lua/lapi.c:86:13:growstack	24	static
../Lua/lapi.c:92:13:lua_checkstack	32	static
../Lua/lapi.c:116:23:lua_atpanic	24	static
../Lua/lapi.c:126:27:lua_version	16	static
../Lua/lapi.c:142:13:lua_absindex	16	static
../Lua/lapi.c:149:13:lua_gettop	16	static
../Lua/lapi.c:154:14:lua_settop	24	static
../Lua/lapi.c:175:13:reverse	48	static
../Lua/lapi.c:189:14:lua_rotate	40	static
../Lua/lapi.c:204:14:lua_copy	40	static
../Lua/lapi.c:219:14:lua_pushvalue	24	static
../Lua/lapi.c:233:13:lua_type	24	static
../Lua/lapi.c:239:21:lua_typename	16	static
../Lua/lapi.c:246:13:lua_iscfunction	24	static
../Lua/lapi.c:252:13:lua_isinteger	24	static
../Lua/lapi.c:258:13:lua_isnumber	24	static
../Lua/lapi.c:265:13:lua_isstring	24	static
../Lua/lapi.c:271:13:lua_isuserdata	24	static
../Lua/lapi.c:277:13:lua_rawequal	32	static
../Lua/lapi.c:286:13:lua_compare	40	static
../Lua/lapi.c:305:16:lua_stringtonumber	24	static
../Lua/lapi.c:313:20:lua_tonumberx	40	static
../Lua/lapi.c:324:21:lua_tointegerx	40	static
../Lua/lapi.c:335:13:lua_toboolean	24	static
../Lua/lapi.c:341:21:lua_tolstring	32	static
../Lua/lapi.c:360:16:lua_rawlen	24	static
../Lua/lapi.c:373:15:lua_touserdata	24	static
../Lua/lapi.c:383:21:lua_topointer	24	static
../Lua/lapi.c:404:14:lua_pushnil	16	static
../Lua/lapi.c:412:14:lua_pushnumber	24	static
../Lua/lapi.c:420:14:lua_pushinteger	24	static
../Lua/lapi.c:433:21:lua_pushlstring	40	static
../Lua/lapi.c:445:21:lua_pushstring	32	static
../Lua/lapi.c:462:21:lua_pushvfstring	32	static
../Lua/lapi.c:473:21:lua_pushfstring	28	static
../Lua/lapi.c:486:14:lua_pushcclosure	48	static
../Lua/lapi.c:510:14:lua_pushboolean	24	static
../Lua/lapi.c:518:14:lua_pushlightuserdata	24	static
../Lua/lapi.c:531:12:auxgetstr	56	static
../Lua/lapi.c:548:13:lua_getglobal	24	static
../Lua/lapi.c:555:13:lua_gettable	40	static
../Lua/lapi.c:565:13:lua_getfield	24	static
../Lua/lapi.c:571:13:lua_geti	48	static
../Lua/lapi.c:590:13:lua_rawget	24	static
../Lua/lapi.c:601:13:lua_rawgeti	32	static
../Lua/lapi.c:614:14:lua_createtable	40	static
../Lua/lapi.c:627:13:lua_getmetatable	40	static
../Lua/lapi.c:661:13:auxsetstr	48	static
../Lua/lapi.c:677:14:lua_setglobal	24	static
../Lua/lapi.c:684:14:lua_setfield	24	static
../Lua/lapi.c:690:14:lua_seti	48	static
../Lua/lapi.c:708:14:lua_rawset	24	static
../Lua/lapi.c:724:14:lua_rawseti	32	static
../Lua/lapi.c:737:13:lua_setmetatable	24	static
../Lua/lapi.c:788:14:lua_callk	32	static
../Lua/lapi.c:820:13:f_call	24	static
../Lua/lapi.c:827:13:lua_pcallk	56	static
../Lua/lapi.c:871:13:lua_load	64	static
../Lua/lapi.c:896:13:lua_status	16	static
../Lua/lapi.c:905:13:lua_gc	40	static
../Lua/lapi.c:979:13:lua_error	16	static
../Lua/lapi.c:988:13:lua_next	24	static
../Lua/lapi.c:1005:14:lua_concat	24	static
../Lua/lapi.c:1021:14:lua_len	24	static
../Lua/lapi.c:1031:19:lua_getallocf	24	static
../Lua/lapi.c:1040:15:lua_newuserdata	32	static
../Lua/lapi.c:1053:20:aux_upvalue	40	static
../Lua/lapi.c:1078:21:lua_setupvalue	56	static
