../Lua/lcode.c:43:12:tonumeral	24	static
../Lua/lcode.c:64:6:luaK_nil	48	static
../Lua/lcode.c:90:12:getjump	24	static
../Lua/lcode.c:103:13:fixjump	32	static
../Lua/lcode.c:116:6:luaK_concat	32	static
../Lua/lcode.c:136:5:luaK_jump	24	static
../Lua/lcode.c:149:6:luaK_ret	32	static
../Lua/lcode.c:158:12:condjump	32	static
../Lua/lcode.c:168:5:luaK_getlabel	16	static
../Lua/lcode.c:179:21:getjumpcontrol	24	static
../Lua/lcode.c:195:12:patchtestreg	32	static
../Lua/lcode.c:213:13:removevalues	16	static
../Lua/lcode.c:224:13:patchlistaux	32	static
../Lua/lcode.c:242:13:dischargejpc	24	static
../Lua/lcode.c:252:6:luaK_patchtohere	16	static
../Lua/lcode.c:263:6:luaK_patchlist	32	static
../Lua/lcode.c:278:6:luaK_patchclose	24	static
../Lua/lcode.c:293:12:luaK_code	32	static
../Lua/lcode.c:312:5:luaK_codeABC	24	static
../Lua/lcode.c:324:5:luaK_codeABx	24	static
../Lua/lcode.c:335:12:codeextraarg	16	static
../Lua/lcode.c:346:5:luaK_codek	32	static
../Lua/lcode.c:361:6:luaK_checkstack	24	static
../Lua/lcode.c:375:6:luaK_reserveregs	16	static
../Lua/lcode.c:386:13:freereg	16	static
../Lua/lcode.c:397:13:freeexp	16	static
../Lua/lcode.c:407:13:freeexps	32	static
../Lua/lcode.c:428:12:addk	64	static
../Lua/lcode.c:458:5:luaK_stringK	32	static
../Lua/lcode.c:471:5:luaK_intK	40	static
../Lua/lcode.c:481:12:luaK_numberK	32	static
../Lua/lcode.c:491:12:boolK	32	static
../Lua/lcode.c:501:12:nilK	40	static
../Lua/lcode.c:515:6:luaK_setreturns	32	static
../Lua/lcode.c:539:6:luaK_setoneret	16	static
../Lua/lcode.c:556:6:luaK_dischargevars	32	static
../Lua/lcode.c:595:13:discharge2reg	40	static
../Lua/lcode.c:641:13:discharge2anyreg	16	static
../Lua/lcode.c:649:12:code_loadbool	32	static
../Lua/lcode.c:659:12:need_value	24	static
../Lua/lcode.c:675:13:exp2reg	48	static
../Lua/lcode.c:703:6:luaK_exp2nextreg	16	static
../Lua/lcode.c:715:5:luaK_exp2anyreg	16	static
../Lua/lcode.c:734:6:luaK_exp2anyregup	16	static
../Lua/lcode.c:744:6:luaK_exp2val	16	static
../Lua/lcode.c:758:5:luaK_exp2RK	16	static
../Lua/lcode.c:782:6:luaK_storevar	48	static
../Lua/lcode.c:809:6:luaK_self	48	static
../Lua/lcode.c:825:13:negatecondition	24	static
../Lua/lcode.c:839:12:jumponcond	40	static
../Lua/lcode.c:857:6:luaK_goiftrue	24	static
../Lua/lcode.c:884:6:luaK_goiffalse	24	static
../Lua/lcode.c:910:13:codenot	32	static
../Lua/lcode.c:946:6:luaK_indexed	24	static
../Lua/lcode.c:960:12:validop	32	static
../Lua/lcode.c:978:12:constfolding	64	static
../Lua/lcode.c:1004:13:codeunexpval	40	static
../Lua/lcode.c:1022:13:codebinexpval	40	static
../Lua/lcode.c:1037:13:codecomp	48	static
../Lua/lcode.c:1066:6:luaK_prefix	24	static
../Lua/lcode.c:1086:6:luaK_infix	24	static
../Lua/lcode.c:1124:6:luaK_posfix	40	static
../Lua/lcode.c:1177:6:luaK_fixline	16	static
../Lua/lcode.c:1189:6:luaK_setlist	40	static
