../Lua/ldebug.c:45:12:currentpc	16	static
../Lua/ldebug.c:51:12:currentline	24	static
../Lua/ldebug.c:62:13:swapextra	24	static
../Lua/ldebug.c:73:18:lua_gethook	16	static
../Lua/ldebug.c:78:13:lua_gethookmask	16	static
../Lua/ldebug.c:83:13:lua_gethookcount	16	static
../Lua/ldebug.c:88:13:lua_getstack	32	static
../Lua/ldebug.c:105:20:upvalname	24	static
../Lua/ldebug.c:114:13:funcinfo	24	static
../Lua/ldebug.c:132:13:collectvalidlines	48	static
../Lua/ldebug.c:151:20:getfuncname	24	static
../Lua/ldebug.c:165:12:auxgetinfo	32	static
../Lua/ldebug.c:212:13:lua_getinfo	56	static
../Lua/ldebug.c:258:13:kname	32	static
../Lua/ldebug.c:278:12:filterpc	16	static
../Lua/ldebug.c:288:12:findsetreg	64	static
../Lua/ldebug.c:334:20:getobjname	64	static
../Lua/ldebug.c:394:20:funcnamefromcode	48	static
../Lua/ldebug.c:449:12:isinstack	24	static
../Lua/ldebug.c:460:20:getupvalname	32	static
../Lua/ldebug.c:474:20:varinfo	40	static
../Lua/ldebug.c:488:9:luaG_typeerror	40	static
../Lua/ldebug.c:494:9:luaG_concaterror	24	static
../Lua/ldebug.c:500:9:luaG_opinterror	32	static
../Lua/ldebug.c:512:9:luaG_tointerror	32	static
../Lua/ldebug.c:520:9:luaG_ordererror	32	static
../Lua/ldebug.c:531:13:luaG_addinfo	96	static
../Lua/ldebug.c:543:9:luaG_errormsg	32	static
../Lua/ldebug.c:555:9:luaG_runerror	36	static
../Lua/ldebug.c:568:6:luaG_traceexec	40	static
