../Lua/lgc.c:125:13:removeentry	16	static
../Lua/lgc.c:139:12:iscleared	16	static
../Lua/lgc.c:155:6:luaC_barrier_	32	static
../Lua/lgc.c:171:6:luaC_barrierback_	24	static
../Lua/lgc.c:185:6:luaC_upvalbarrier_	24	static
../Lua/lgc.c:194:6:luaC_fix	24	static
../Lua/lgc.c:208:11:luaC_newobj	32	static
../Lua/lgc.c:235:13:reallymarkobject	32	static
../Lua/lgc.c:289:13:markmt	24	static
../Lua/lgc.c:299:13:markbeingfnz	24	static
../Lua/lgc.c:312:13:remarkupvals	32	static
../Lua/lgc.c:337:13:restartcollection	16	static
../Lua/lgc.c:361:13:traverseweakvalue	32	static
../Lua/lgc.c:394:12:traverseephemeron	40	static
../Lua/lgc.c:433:13:traversestrongtable	32	static
../Lua/lgc.c:451:15:traversetable	32	static
../Lua/lgc.c:479:12:traverseproto	24	static
../Lua/lgc.c:501:15:traverseCclosure	24	static
../Lua/lgc.c:514:15:traverseLclosure	24	static
../Lua/lgc.c:530:15:traversethread	24	static
../Lua/lgc.c:559:13:propagatemark	48	static
../Lua/lgc.c:603:13:propagateall	16	static
../Lua/lgc.c:608:13:convergeephemerons	32	static
../Lua/lgc.c:639:13:clearkeys	40	static
../Lua/lgc.c:657:13:clearvalues	48	static
../Lua/lgc.c:677:6:luaC_upvdeccount	16	static
../Lua/lgc.c:685:13:freeLclosure	24	static
../Lua/lgc.c:696:13:freeobj	16	static
../Lua/lgc.c:734:19:sweeplist	48	static
../Lua/lgc.c:757:19:sweeptolive	24	static
../Lua/lgc.c:777:13:checkSizes	24	static
../Lua/lgc.c:787:18:udata2finalize	24	static
../Lua/lgc.c:800:13:dothecall	16	static
../Lua/lgc.c:806:13:GCTM	72	static
../Lua/lgc.c:843:12:runafewfinalizers	24	static
../Lua/lgc.c:858:13:callallpendingfinalizers	24	static
../Lua/lgc.c:868:19:findlast	16	static
../Lua/lgc.c:879:13:separatetobefnz	32	static
../Lua/lgc.c:901:6:luaC_checkfinalizer	32	static
../Lua/lgc.c:939:13:setpause	32	static
../Lua/lgc.c:958:13:entersweep	24	static
../Lua/lgc.c:966:6:luaC_freeallobjects	24	static
../Lua/lgc.c:981:14:atomic	40	static
../Lua/lgc.c:1028:15:sweepstep	32	static
../Lua/lgc.c:1044:15:singlestep	32	static
../Lua/lgc.c:1103:6:luaC_runtilstate	24	static
../Lua/lgc.c:1114:14:getdebt	24	static
../Lua/lgc.c:1128:6:luaC_step	32	static
../Lua/lgc.c:1158:6:luaC_fullgc	24	static
