../Lua/llex.c:57:13:save	24	static
../Lua/llex.c:70:6:luaX_init	32	static
../Lua/llex.c:82:13:luaX_token2str	24	static
../Lua/llex.c:97:20:txtToken	16	static
../Lua/llex.c:109:16:lexerror	32	static
../Lua/llex.c:117:9:luaX_syntaxerror	16	static
../Lua/llex.c:127:10:luaX_newstring	48	static
../Lua/llex.c:151:13:inclinenumber	24	static
../Lua/llex.c:162:6:luaX_setinput	32	static
../Lua/llex.c:186:12:check_next1	16	static
../Lua/llex.c:199:12:check_next2	16	static
../Lua/llex.c:214:12:read_numeral	32	static
../Lua/llex.c:251:12:skip_sep	24	static
../Lua/llex.c:264:13:read_long_string	40	static
../Lua/llex.c:303:13:esccheck	24	static
../Lua/llex.c:312:12:gethexa	16	static
../Lua/llex.c:319:12:readhexaesc	32	static
../Lua/llex.c:327:22:readutf8esc	32	static
../Lua/llex.c:345:13:utf8esc	32	static
../Lua/llex.c:353:12:readdecesc	24	static
../Lua/llex.c:366:13:read_string	32	static
../Lua/llex.c:429:12:llex	32	static
../Lua/llex.c:549:6:luaX_next	16	static
../Lua/llex.c:560:5:luaX_lookahead	16	static
