../Lua/lparser.c:67:16:semerror	16	static
../Lua/lparser.c:73:16:error_expected	24	static
../Lua/lparser.c:79:16:errorlimit	48	static
../Lua/lparser.c:92:13:checklimit	24	static
../Lua/lparser.c:97:12:testnext	16	static
../Lua/lparser.c:106:13:check	16	static
../Lua/lparser.c:112:13:checknext	16	static
../Lua/lparser.c:122:13:check_match	40	static
../Lua/lparser.c:135:17:str_checkname	24	static
../Lua/lparser.c:144:13:init_exp	24	static
../Lua/lparser.c:151:13:codestring	24	static
../Lua/lparser.c:156:13:checkname	16	static
../Lua/lparser.c:161:12:registerlocalvar	40	static
../Lua/lparser.c:175:13:new_localvar	40	static
../Lua/lparser.c:187:13:new_localvarliteral_	24	static
../Lua/lparser.c:195:16:getlocvar	24	static
../Lua/lparser.c:202:13:adjustlocalvars	24	static
../Lua/lparser.c:211:13:removevars	16	static
../Lua/lparser.c:218:12:searchupvalue	24	static
../Lua/lparser.c:228:12:newupvalue	40	static
../Lua/lparser.c:244:12:searchvar	24	static
../Lua/lparser.c:258:13:markupval	24	static
../Lua/lparser.c:270:13:singlevaraux	32	static
../Lua/lparser.c:295:13:singlevar	40	static
../Lua/lparser.c:309:13:adjust_assign	40	static
../Lua/lparser.c:331:13:enterlevel	24	static
../Lua/lparser.c:341:13:closegoto	64	static
../Lua/lparser.c:365:12:findlabel	40	static
../Lua/lparser.c:385:12:newlabelentry	40	static
../Lua/lparser.c:403:13:findgotos	24	static
../Lua/lparser.c:421:13:movegotosout	32	static
../Lua/lparser.c:439:13:enterblock	24	static
../Lua/lparser.c:454:13:breaklabel	32	static
../Lua/lparser.c:464:16:undefgoto	24	static
../Lua/lparser.c:473:13:leaveblock	32	static
../Lua/lparser.c:499:15:addprototype	48	static
../Lua/lparser.c:522:13:codeclosure	24	static
../Lua/lparser.c:529:13:open_func	32	static
../Lua/lparser.c:552:13:close_func	32	static
../Lua/lparser.c:587:12:block_follow	16	static
../Lua/lparser.c:598:13:statlist	16	static
../Lua/lparser.c:610:13:fieldsel	40	static
../Lua/lparser.c:621:13:yindex	16	static
../Lua/lparser.c:646:13:recfield	80	static
../Lua/lparser.c:667:13:closelistfield	16	static
../Lua/lparser.c:678:13:lastlistfield	16	static
../Lua/lparser.c:693:13:listfield	16	static
../Lua/lparser.c:702:13:field	16	static
../Lua/lparser.c:724:13:constructor	80	static
../Lua/lparser.c:753:13:parlist	32	static
../Lua/lparser.c:782:13:body	88	static
../Lua/lparser.c:804:12:explist	24	static
../Lua/lparser.c:817:13:funcargs	64	static
../Lua/lparser.c:871:13:primaryexp	24	static
../Lua/lparser.c:893:13:suffixedexp	56	static
../Lua/lparser.c:931:13:simpleexp	32	static
../Lua/lparser.c:986:14:getunopr	16	static
../Lua/lparser.c:997:15:getbinopr	16	static
../Lua/lparser.c:1048:15:subexpr	64	static
../Lua/lparser.c:1078:13:expr	16	static
../Lua/lparser.c:1093:13:block	40	static
../Lua/lparser.c:1119:13:check_conflict	48	static
../Lua/lparser.c:1147:13:assignment	64	static
../Lua/lparser.c:1177:12:cond	32	static
../Lua/lparser.c:1187:13:gotostat	40	static
../Lua/lparser.c:1203:13:checkrepeated	32	static
../Lua/lparser.c:1217:13:skipnoopstat	16	static
../Lua/lparser.c:1223:13:labelstat	48	static
../Lua/lparser.c:1241:13:whilestat	48	static
../Lua/lparser.c:1260:13:repeatstat	64	static
../Lua/lparser.c:1280:12:exp1	40	static
../Lua/lparser.c:1291:13:forbody	64	static
../Lua/lparser.c:1317:13:fornum	48	static
../Lua/lparser.c:1339:13:forlist	56	static
../Lua/lparser.c:1364:13:forstat	40	static
../Lua/lparser.c:1382:13:test_then_block	56	static
../Lua/lparser.c:1417:13:ifstat	24	static
../Lua/lparser.c:1431:13:localfunc	40	static
../Lua/lparser.c:1442:13:localstat	40	static
../Lua/lparser.c:1462:12:funcname	24	static
../Lua/lparser.c:1476:13:funcstat	56	static
../Lua/lparser.c:1488:13:exprstat	40	static
../Lua/lparser.c:1504:13:retstat	48	static
../Lua/lparser.c:1537:13:statement	24	static
../Lua/lparser.c:1612:13:mainfunc	48	static
../Lua/lparser.c:1626:11:luaY_parser	168	static
