../Lua/lstrlib.c:54:12:str_len	24	static
../Lua/lstrlib.c:63:20:posrelat	16	static
../Lua/lstrlib.c:70:12:str_sub	32	static
../Lua/lstrlib.c:84:12:str_reverse	304	static
../Lua/lstrlib.c:96:12:str_lower	312	static
../Lua/lstrlib.c:109:12:str_upper	312	static
../Lua/lstrlib.c:122:12:str_rep	320	static
../Lua/lstrlib.c:148:12:str_byte	40	static
../Lua/lstrlib.c:167:12:str_char	304	static
../Lua/lstrlib.c:220:12:check_capture	16	static
../Lua/lstrlib.c:228:12:capture_to_close	24	static
../Lua/lstrlib.c:236:20:classend	16	static
../Lua/lstrlib.c:260:12:match_class	24	static
../Lua/lstrlib.c:280:12:matchbracketclass	32	static
../Lua/lstrlib.c:303:12:singlematch	32	static
../Lua/lstrlib.c:319:20:matchbalance	40	static
../Lua/lstrlib.c:339:20:max_expand	32	static
../Lua/lstrlib.c:354:20:min_expand	32	static
../Lua/lstrlib.c:367:20:start_capture	32	static
../Lua/lstrlib.c:381:20:end_capture	32	static
../Lua/lstrlib.c:392:20:match_capture	32	static
../Lua/lstrlib.c:403:20:match	40	static
../Lua/lstrlib.c:506:20:lmemfind	32	static
../Lua/lstrlib.c:528:13:push_onecapture	32	static
../Lua/lstrlib.c:547:12:push_captures	32	static
../Lua/lstrlib.c:558:12:nospecials	24	static
../Lua/lstrlib.c:569:13:prepstate	24	static
../Lua/lstrlib.c:579:13:reprepstate	16	static
../Lua/lstrlib.c:585:12:str_find_aux	344	static
../Lua/lstrlib.c:632:12:str_find	16	static
../Lua/lstrlib.c:637:12:str_match	16	static
../Lua/lstrlib.c:651:12:gmatch_aux	32	static
../Lua/lstrlib.c:667:12:gmatch	48	static
../Lua/lstrlib.c:681:13:add_s	48	static
../Lua/lstrlib.c:709:13:add_value	40	static
../Lua/lstrlib.c:740:12:str_gsub	624	static
../Lua/lstrlib.c:886:13:addquoted	40	static
../Lua/lstrlib.c:912:13:checkdp	24	static
../Lua/lstrlib.c:921:13:addliteral	64	static
../Lua/lstrlib.c:959:20:scanformat	32	static
../Lua/lstrlib.c:984:13:addlenmod	32	static
../Lua/lstrlib.c:994:12:str_format	384	static
../Lua/lstrlib.c:1158:12:digit	16	static
../Lua/lstrlib.c:1160:12:getnum	24	static
../Lua/lstrlib.c:1177:12:getnumlimit	32	static
../Lua/lstrlib.c:1189:13:initheader	16	static
../Lua/lstrlib.c:1199:16:getoption	32	static
../Lua/lstrlib.c:1246:16:getdetails	32	static
../Lua/lstrlib.c:1273:13:packint	32	static
../Lua/lstrlib.c:1294:13:copywithendian	24	static
../Lua/lstrlib.c:1308:12:str_pack	416	static
../Lua/lstrlib.c:1395:12:str_packsize	56	static
../Lua/lstrlib.c:1428:20:unpackint	48	static
../Lua/lstrlib.c:1454:12:str_unpack	112	static
../Lua/lstrlib.c:1541:13:createmetatable	16	static
../Lua/lstrlib.c:1556:16:luaopen_string	16	static
