../Lua/ltable.c:97:12:l_hashfloat	32	static
../Lua/ltable.c:123:14:mainposition	24	static
../Lua/ltable.c:150:21:arrayindex	24	static
../Lua/ltable.c:165:21:findindex	40	static
../Lua/ltable.c:192:5:luaH_next	48	static
../Lua/ltable.c:225:21:computesizes	40	static
../Lua/ltable.c:247:12:countint	24	static
../Lua/ltable.c:263:21:numusearray	40	static
../Lua/ltable.c:289:12:numusehash	40	static
../Lua/ltable.c:305:13:setarrayvector	32	static
../Lua/ltable.c:314:13:setnodevector	40	static
../Lua/ltable.c:339:6:luaH_resize	56	static
../Lua/ltable.c:374:6:luaH_resizearray	32	static
../Lua/ltable.c:382:13:rehash	168	static
../Lua/ltable.c:408:8:luaH_new	24	static
../Lua/ltable.c:420:6:luaH_free	16	static
../Lua/ltable.c:428:14:getfreepos	16	static
../Lua/ltable.c:448:9:luaH_newkey	72	static
../Lua/ltable.c:503:15:luaH_getint	24	static
../Lua/ltable.c:526:15:luaH_getshortstr	32	static
../Lua/ltable.c:547:22:getgeneric	24	static
../Lua/ltable.c:562:15:luaH_getstr	32	static
../Lua/ltable.c:576:15:luaH_get	24	static
../Lua/ltable.c:597:9:luaH_set	32	static
../Lua/ltable.c:605:6:luaH_setint	48	static
../Lua/ltable.c:619:12:unbound_search	24	static
../Lua/ltable.c:647:5:luaH_getn	32	static
